******************************************************************************
                  TI ARM Linker PC v20.2.0                     
******************************************************************************
>> Linked Sat May  1 19:39:26 2021

OUTPUT FILE NAME:   <CC2021_RM42x.out>
ENTRY POINT SYMBOL: "_c_int00"  address: 00013fb0


MEMORY CONFIGURATION

         name            origin    length      used     unused   attr    fill
----------------------  --------  ---------  --------  --------  ----  --------
  VECTORS               00000000   00000020  00000020  00000000     X
  KERNEL                00000020   00008000  00005140  00002ec0  R  X
  FLASH0                00008020   00057fe0  0000f380  00048c60  R  X
  STACKS                08000000   00000800  00000000  00000800  RW  
  KRAM                  08000800   00000800  00000104  000006fc  RW  
  RAM                   08001000   00007000  0000313c  00003ec4  RW  


SEGMENT ALLOCATION MAP

run origin  load origin   length   init length attrs members
----------  ----------- ---------- ----------- ----- -------
00000000    00000000    00005160   00005160    r-x
  00000000    00000000    00000020   00000020    r-x .intvecs
  00000020    00000020    00005098   00005098    r-x .kernelTEXT
  000050b8    000050b8    000000a8   000000a8    r-- .cinit
00008020    00008020    0000f384   0000f384    r-x
  00008020    00008020    0000eb64   0000eb64    r-x .text
  00016b88    00016b88    0000081c   0000081c    r-- .const
08000800    08000800    00000104   00000000    rw-
  08000800    08000800    00000104   00000000    rw- .kernelBSS
08001000    08001000    0000313c   00000000    rw-
  08001000    08001000    00002000   00000000    rw- .kernelHEAP
  08003000    08003000    00001058   00000000    rw- .bss
  08004058    08004058    000000e4   00000000    rw- .data


SECTION ALLOCATION MAP

 output                                  attributes/
section   page    origin      length       input sections
--------  ----  ----------  ----------   ----------------
.intvecs   0    00000000    00000020     
                  00000000    00000020     sys_intvecs.obj (.intvecs)

.kernelTEXT 
*          0    00000020    00005098     
                  00000020    00002bb8     os_tasks.obj (.kernelTEXT)
                  00002bd8    000011d4     os_queue.obj (.kernelTEXT)
                  00003dac    00000818     os_event_groups.obj (.kernelTEXT)
                  000045c4    000003bc     os_port.obj (.kernelTEXT)
                  00004980    000003bc     os_portasm.obj (.kernelTEXT)
                  00004d3c    0000037c     os_heap.obj (.kernelTEXT)

.cinit     0    000050b8    000000a8     
                  000050b8    00000060     (.cinit..data.load) [load image, compression = lzss]
                  00005118    0000000c     (__TI_handler_table)
                  00005124    00000009     (.cinit..kernelBSS.load) [load image, compression = lzss]
                  0000512d    00000003     --HOLE-- [fill = 0]
                  00005130    00000008     (.cinit..bss.load) [load image, compression = zero_init]
                  00005138    00000008     (.cinit..kernelHEAP.load) [load image, compression = zero_init]
                  00005140    00000020     (__TI_cinit_table)

.text      0    00008020    0000eb64     
                  00008020    000024f0     sys_selftest.obj (.text)
                  0000a510    00000fec     rtsv7R4_A_le_eabi.lib : _printfi.c.obj (.text:__TI_printfi)
                  0000b4fc    00000e7c                           : e_pow.c.obj (.text:pow)
                  0000c378    00000aa0     system.obj (.text)
                  0000ce18    00000a78     adc.obj (.text)
                  0000d890    000009a0     os_mpu_wrappers.obj (.text)
                  0000e230    00000904     het.obj (.text)
                  0000eb34    0000089c     sys_vim.obj (.text)
                  0000f3d0    00000748     sys_main.obj (.text)
                  0000fb18    000006e4     sci.obj (.text)
                  000101fc    00000664     errata_SSWF021_45.obj (.text)
                  00010860    00000664     rtsv7R4_A_le_eabi.lib : strtod.c.obj (.text:strtod)
                  00010ec4    00000648     Commands.obj (.text)
                  0001150c    000005bc     esm.obj (.text)
                  00011ac8    000005a8     Utilities.obj (.text)
                  00012070    0000058c     rtsv7R4_A_le_eabi.lib : e_log.c.obj (.text:log)
                  000125fc    00000384     sci.obj (.text:retain)
                  00012980    0000036c     gio.obj (.text)
                  00012cec    00000364     rtsv7R4_A_le_eabi.lib : _printfi.c.obj (.text:_pconv_a)
                  00013050    000002d0     sys_core.obj (.text)
                  00013320    000002c0     rtsv7R4_A_le_eabi.lib : _printfi.c.obj (.text:_pconv_g)
                  000135e0    000002b8                           : ull_div32.asm.obj (.text)
                  00013898    00000278     os_heap.obj (.text)
                  00013b10    00000268     sys_vim.obj (.text:retain)
                  00013d78    00000238     os_list.obj (.text)
                  00013fb0    00000214     sys_startup.obj (.text:retain)
                  000141c4    00000214     rtsv7R4_A_le_eabi.lib : fd_add32.asm.obj (.text)
                  000143d8    000001ec                           : e_sqrt.c.obj (.text:sqrt)
                  000145c4    000001b0                           : _printfi.c.obj (.text:_pconv_e)
                  00014774    000001b0     os_port.obj (.text)
                  00014924    000001ac     rtsv7R4_A_le_eabi.lib : _printfi.c.obj (.text:fcvt)
                  00014ad0    00000198     PWM.obj (.text)
                  00014c68    00000190     rtsv7R4_A_le_eabi.lib : fd_div32.asm.obj (.text)
                  00014df8    00000180                           : memcpy32.asm.obj (.text)
                  00014f78    00000158                           : s_floor.c.obj (.text:floor)
                  000150d0    00000158     os_tasks.obj (.text)
                  00015228    00000150     pinmux.obj (.text)
                  00015378    00000134     rtsv7R4_A_le_eabi.lib : fs_add32.asm.obj (.text)
                  000154ac    00000128                           : fd_mul32.asm.obj (.text)
                  000155d4    00000128                           : s_scalbn.c.obj (.text:scalbn)
                  000156fc    0000010d                           : _printfi.c.obj (.text:_ltostr)
                  00015809    00000003     --HOLE-- [fill = 0]
                  0001580c    000000ec     esm.obj (.text:retain)
                  000158f8    000000e8     dabort.obj (.text)
                  000159e0    000000e0     rtsv7R4_A_le_eabi.lib : fd_cmp32.asm.obj (.text:__aeabi_cdcmple)
                  00015ac0    000000e0                           : fd_cmp32.asm.obj (.text:__aeabi_cdrcmple)
                  00015ba0    000000e0     sys_pmu.obj (.text)
                  00015c80    000000d4     notification.obj (.text)
                  00015d54    000000d4     rtsv7R4_A_le_eabi.lib : fs_div32.asm.obj (.text)
                  00015e28    000000c8                           : _printfi.c.obj (.text:_mcpy)
                  00015ef0    000000b0                           : memset32.asm.obj (.text)
                  00015fa0    000000a8                           : fs_mul32.asm.obj (.text)
                  00016048    0000009c                           : fd_tos32.asm.obj (.text)
                  000160e4    00000094                           : _printfi.c.obj (.text:_ecpy)
                  00016178    00000090                           : copy_decompress_lzss.c.obj (.text:decompress:lzss:__TI_decompress_lzss)
                  00016208    00000088                           : fs_cmp32.asm.obj (.text:__aeabi_cfcmple)
                  00016290    00000088                           : fs_cmp32.asm.obj (.text:__aeabi_cfrcmple)
                  00016318    00000084                           : _printfi.c.obj (.text:_pconv_f)
                  0001639c    00000084                           : atoi.c.obj (.text:atoi)
                  00016420    00000080                           : _ltoa.c.obj (.text:__TI_ltoa)
                  000164a0    0000007c                           : s_frexp.c.obj (.text:frexp)
                  0001651c    00000068                           : autoinit.c.obj (.text:__TI_auto_init_nobinit_nopinit:__TI_auto_init_nobinit_nopinit)
                  00016584    00000068                           : strtok.c.obj (.text:strtok)
                  000165ec    00000064                           : _printfi.c.obj (.text:_fcpy)
                  00016650    00000064                           : fs_tod32.asm.obj (.text)
                  000166b4    00000064                           : sprintf.c.obj (.text:sprintf)
                  00016718    0000005c                           : fd_toi32.asm.obj (.text)
                  00016774    0000005c                           : fd_tou32.asm.obj (.text)
                  000167d0    00000054                           : i_div32.asm.obj (.text)
                  00016824    00000050                           : u_div32.asm.obj (.text)
                  00016874    0000004c                           : fs_toi32.asm.obj (.text)
                  000168c0    0000004c                           : i_tofs32.asm.obj (.text)
                  0001690c    0000004c                           : strspn.c.obj (.text:strspn)
                  00016958    00000044                           : strcspn.c.obj (.text:strcspn)
                  0001699c    0000003c                           : i_tofd32.asm.obj (.text)
                  000169d8    00000034                           : u_tofd32.asm.obj (.text)
                  00016a0c    00000030                           : sprintf.c.obj (.text:_outs)
                  00016a3c    00000030                           : memccpy.c.obj (.text:memccpy)
                  00016a6c    00000028                           : strchr.c.obj (.text:strchr)
                  00016a94    00000028                           : strcmp.c.obj (.text:strcmp)
                  00016abc    00000024                           : wcslen.c.obj (.text:wcslen)
                  00016ae0    00000020                           : strlen.c.obj (.text:strlen)
                  00016b00    00000018                           : strcpy.c.obj (.text:strcpy)
                  00016b18    00000014                           : sprintf.c.obj (.text:_outc)
                  00016b2c    00000014                           : copy_decompress_none.c.obj (.text:decompress:none:__TI_decompress_none)
                  00016b40    00000010                           : copy_zero_init.c.obj (.text:decompress:ZI:__TI_zero_init)
                  00016b50    0000000c                           : errno.c.obj (.text:__aeabi_errno_addr)
                  00016b5c    0000000c                           : s_copysign.c.obj (.text:copysign)
                  00016b68    00000008                           : exit.c.obj (.text:abort:abort)
                  00016b70    00000008                           : atof.c.obj (.text:atof)
                  00016b78    00000004     sys_phantom.obj (.text:retain)
                  00016b7c    00000004     rtsv7R4_A_le_eabi.lib : div0.asm.obj (.text)
                  00016b80    00000004     sys_startup.obj (.text)

.const     0    00016b88    0000081c     
                  00016b88    000003a0     het.obj (.const:het1PROGRAM)
                  00016f28    00000180     sys_vim.obj (.const:s_vim_init)
                  000170a8    00000101     rtsv7R4_A_le_eabi.lib : ctype.c.obj (.const:.string:_ctypes_)
                  000171a9    00000007     --HOLE-- [fill = 0]
                  000171b0    00000080                           : strtod.c.obj (.const:digits)
                  00017230    0000005c     Utilities.obj (.const:.string)
                  0001728c    00000004     --HOLE-- [fill = 0]
                  00017290    00000048     rtsv7R4_A_le_eabi.lib : strtod.c.obj (.const:powerof10)
                  000172d8    00000024     Commands.obj (.const:.string)
                  000172fc    00000020     PWM.obj (.const:s_het1pwmPolarity)
                  0001731c    00000020     het.obj (.const:s_het1pwmPolarity)
                  0001733c    00000010     sys_main.obj (.const:$P$T1$2)
                  0001734c    00000004     --HOLE-- [fill = 0]
                  00017350    00000010     rtsv7R4_A_le_eabi.lib : e_pow.c.obj (.const:bp)
                  00017360    00000010                           : e_pow.c.obj (.const:dp_h)
                  00017370    00000010                           : e_pow.c.obj (.const:dp_l)
                  00017380    0000000c     sys_main.obj (.const:$P$T0$1)
                  0001738c    0000000c     adc.obj (.const:s_adcFiFoSize)
                  00017398    0000000c     adc.obj (.const:s_adcSelect)

.kernelBSS 
*          0    08000800    00000104     UNINITIALIZED
                  08000800    000000d0     os_tasks.obj (.kernelBSS:uninit)
                  080008d0    00000034     os_tasks.obj (.kernelBSS:init)

.kernelHEAP 
*          0    08001000    00002000     UNINITIALIZED
                  08001000    00002000     os_heap.obj (.kernelHEAP)

.bss       0    08003000    00001058     UNINITIALIZED
                  08003000    00000800     (.common:command)
                  08003800    00000800     (.common:tramaAPI)
                  08004000    00000014     sci.obj (.bss:g_sciTransfer_t)
                  08004014    00000014     sys_main.obj (.bss:receivedData)
                  08004028    00000010     (.common:CMD_KEY)
                  08004038    00000010     (.common:SERVO_PAYLOAD)
                  08004048    00000008     os_heap.obj (.bss:xStart)
                  08004050    00000004     (.common:xTelemetryHandle)
                  08004054    00000004     (.common:xWTStartHandle)

.data      0    08004058    000000e4     UNINITIALIZED
                  08004058    00000034     Utilities.obj (.data)
                  0800408c    00000018     Utilities.obj (.data:FSW_STATE)
                  080040a4    00000018     Commands.obj (.data:commands)
                  080040bc    00000010     os_heap.obj (.data)
                  080040cc    0000000c     Commands.obj (.data)
                  080040d8    00000008     Utilities.obj (.data:cALTITUDE_BAR)
                  080040e0    00000008     Utilities.obj (.data:cTEMPERATURE)
                  080040e8    00000008     os_port.obj (.data)
                  080040f0    00000006     Utilities.obj (.data:cPACKET_COUNT)
                  080040f6    00000006     Utilities.obj (.data:cSP1_PC)
                  080040fc    00000006     Utilities.obj (.data:cSP2_PC)
                  08004102    00000004     Utilities.obj (.data:SP1_ALTITUDE)
                  08004106    00000004     Utilities.obj (.data:SP1_MISSION_TIME)
                  0800410a    00000004     Utilities.obj (.data:SP1_PACKET_COUNT)
                  0800410e    00000004     Utilities.obj (.data:SP1_PACKET_TYPE)
                  08004112    00000004     Utilities.obj (.data:SP1_ROTATION_RATE)
                  08004116    00000004     Utilities.obj (.data:SP1_TEMPERATURE)
                  0800411a    00000004     Utilities.obj (.data:SP2_ALTITUDE)
                  0800411e    00000004     Utilities.obj (.data:SP2_MISSION_TIME)
                  08004122    00000004     Utilities.obj (.data:SP2_PACKET_COUNT)
                  08004126    00000004     Utilities.obj (.data:SP2_PACKET_TYPE)
                  0800412a    00000004     Utilities.obj (.data:SP2_ROTATION_RATE)
                  0800412e    00000004     Utilities.obj (.data:SP2_TEMPERATURE)
                  08004132    00000002     --HOLE--
                  08004134    00000004     rtsv7R4_A_le_eabi.lib : errno.c.obj (.data)
                  08004138    00000004                           : strtok.c.obj (.data)

__llvm_prf_cnts 
*          0    08001000    00000000     UNINITIALIZED

MODULE SUMMARY

       Module                       code    ro data   rw data
       ------                       ----    -------   -------
    .\source\
       os_tasks.obj                 11536   0         260    
       os_heap.obj                  1524    0         8216   
       sys_selftest.obj             9456    0         0      
       os_queue.obj                 4564    0         0      
       het.obj                      2308    960       0      
       sys_vim.obj                  2820    384       0      
       system.obj                   2720    0         0      
       adc.obj                      2680    24        0      
       sci.obj                      2664    0         20     
       os_mpu_wrappers.obj          2464    0         0      
       os_event_groups.obj          2072    0         0      
       sys_main.obj                 1864    28        20     
       esm.obj                      1704    0         0      
       errata_SSWF021_45.obj        1636    0         0      
       os_port.obj                  1388    0         8      
       os_portasm.obj               956     0         0      
       gio.obj                      876     0         0      
       sys_core.obj                 720     0         0      
       os_list.obj                  568     0         0      
       sys_startup.obj              536     0         0      
       pinmux.obj                   336     0         0      
       dabort.obj                   232     0         0      
       sys_pmu.obj                  224     0         0      
       notification.obj             212     0         0      
       sys_intvecs.obj              32      0         0      
       sys_phantom.obj              4       0         0      
    +--+----------------------------+-------+---------+---------+
       Total:                       56096   1396      8524   
                                                             
    .\source\KaanSat_Lib\
       Utilities.obj                1448    92        4270   
       Commands.obj                 1608    36        60     
       PWM.obj                      408     32        0      
    +--+----------------------------+-------+---------+---------+
       Total:                       3464    160       4330   
                                                             
    C:\ti\ccs1000\ccs\tools\compiler\ti-cgt-arm_20.2.0.LTS\lib\rtsv7R4_A_le_eabi.lib
       _printfi.c.obj               7357    0         0      
       e_pow.c.obj                  3708    48        0      
       strtod.c.obj                 1636    200       0      
       e_log.c.obj                  1420    0         0      
       ull_div32.asm.obj            696     0         0      
       fd_add32.asm.obj             532     0         0      
       e_sqrt.c.obj                 492     0         0      
       fd_cmp32.asm.obj             448     0         0      
       fd_div32.asm.obj             400     0         0      
       memcpy32.asm.obj             384     0         0      
       s_floor.c.obj                344     0         0      
       fs_add32.asm.obj             308     0         0      
       fd_mul32.asm.obj             296     0         0      
       s_scalbn.c.obj               296     0         0      
       fs_cmp32.asm.obj             272     0         0      
       ctype.c.obj                  0       257       0      
       fs_div32.asm.obj             212     0         0      
       memset32.asm.obj             176     0         0      
       fs_mul32.asm.obj             168     0         0      
       sprintf.c.obj                168     0         0      
       fd_tos32.asm.obj             156     0         0      
       copy_decompress_lzss.c.obj   144     0         0      
       atoi.c.obj                   132     0         0      
       _ltoa.c.obj                  128     0         0      
       s_frexp.c.obj                124     0         0      
       strtok.c.obj                 104     0         4      
       autoinit.c.obj               104     0         0      
       fs_tod32.asm.obj             100     0         0      
       fd_toi32.asm.obj             92      0         0      
       fd_tou32.asm.obj             92      0         0      
       i_div32.asm.obj              84      0         0      
       u_div32.asm.obj              80      0         0      
       fs_toi32.asm.obj             76      0         0      
       i_tofs32.asm.obj             76      0         0      
       strspn.c.obj                 76      0         0      
       strcspn.c.obj                68      0         0      
       i_tofd32.asm.obj             60      0         0      
       u_tofd32.asm.obj             52      0         0      
       memccpy.c.obj                48      0         0      
       strchr.c.obj                 40      0         0      
       strcmp.c.obj                 40      0         0      
       wcslen.c.obj                 36      0         0      
       strlen.c.obj                 32      0         0      
       strcpy.c.obj                 24      0         0      
       copy_decompress_none.c.obj   20      0         0      
       copy_zero_init.c.obj         16      0         0      
       errno.c.obj                  12      0         4      
       s_copysign.c.obj             12      0         0      
       atof.c.obj                   8       0         0      
       exit.c.obj                   8       0         0      
       div0.asm.obj                 4       0         0      
    +--+----------------------------+-------+---------+---------+
       Total:                       21361   505       8      
                                                             
       Linker Generated:            0       165       0      
    +--+----------------------------+-------+---------+---------+
       Grand Total:                 80921   2226      12862  


LINKER GENERATED COPY TABLES

__TI_cinit_table @ 00005140 records: 4, size/record: 8, table size: 32
	.data: load addr=000050b8, load size=00000060 bytes, run addr=08004058, run size=000000e4 bytes, compression=lzss
	.kernelBSS: load addr=00005124, load size=00000009 bytes, run addr=08000800, run size=00000104 bytes, compression=lzss
	.bss: load addr=00005130, load size=00000008 bytes, run addr=08003000, run size=00001058 bytes, compression=zero_init
	.kernelHEAP: load addr=00005138, load size=00000008 bytes, run addr=08001000, run size=00002000 bytes, compression=zero_init


LINKER GENERATED HANDLER TABLE

__TI_handler_table @ 00005118 records: 3, size/record: 4, table size: 12
	index: 0, handler: __TI_decompress_lzss
	index: 1, handler: __TI_decompress_none
	index: 2, handler: __TI_zero_init


GLOBAL SYMBOLS: SORTED ALPHABETICALLY BY Name 

address   name                                  
-------   ----                                  
08004074  ALTITUDE_BAR                          
00016b68  C$$EXIT                               
08004028  CMD_KEY                               
0800408c  FSW_STATE                             
08004060  MISSION_TIME                          
08004068  MODE                                  
0000da60  MPU_eTaskGetState                     
0000dbc8  MPU_pcTaskGetName                     
0000dca8  MPU_pvTaskGetThreadLocalStoragePointer
0000ddc0  MPU_ulTaskNotifyTake                  
0000df7c  MPU_uxQueueMessagesWaiting            
0000dfb0  MPU_uxQueueSpacesAvailable            
0000db9c  MPU_uxTaskGetNumberOfTasks            
0000dc30  MPU_uxTaskGetStackHighWaterMark       
0000da2c  MPU_uxTaskPriorityGet                 
0000e204  MPU_vEventGroupDelete                 
0000dfe4  MPU_vQueueDelete                      
0000d938  MPU_vTaskAllocateMPURegions           
0000d998  MPU_vTaskDelay                        
0000d9c4  MPU_vTaskDelayUntil                   
0000d96c  MPU_vTaskDelete                       
0000da94  MPU_vTaskPrioritySet                  
0000daf4  MPU_vTaskResume                       
0000dc64  MPU_vTaskSetThreadLocalStoragePointer 
0000de38  MPU_vTaskSetTimeOutState              
0000dac8  MPU_vTaskSuspend                      
0000db20  MPU_vTaskSuspendAll                   
0000e128  MPU_xEventGroupClearBits              
0000e0a0  MPU_xEventGroupCreate                 
0000e16c  MPU_xEventGroupSetBits                
0000e1b0  MPU_xEventGroupSync                   
0000e0cc  MPU_xEventGroupWaitBits               
0000e010  MPU_xQueueGenericCreate               
0000df28  MPU_xQueueGenericReceive              
0000e05c  MPU_xQueueGenericReset                
0000ded4  MPU_xQueueGenericSend                 
0000d9f8  MPU_xTaskAbortDelay                   
0000de64  MPU_xTaskCheckForTimeOut              
0000d890  MPU_xTaskCreate                       
0000d8f4  MPU_xTaskCreateRestricted             
0000dd18  MPU_xTaskGenericNotify                
0000dbfc  MPU_xTaskGetHandle                    
0000dcec  MPU_xTaskGetIdleTaskHandle            
0000dea8  MPU_xTaskGetSchedulerState            
0000db70  MPU_xTaskGetTickCount                 
0000de04  MPU_xTaskNotifyStateClear             
0000dd6c  MPU_xTaskNotifyWait                   
0000db44  MPU_xTaskResumeAll                    
08004064  PACKET_COUNT                          
08004078  PRESS_BAR                             
UNDEFED   PRESS_INIT                            
08004038  SERVO_PAYLOAD                         
UNDEFED   SHT$$INIT_ARRAY$$Base                 
UNDEFED   SHT$$INIT_ARRAY$$Limit                
08004102  SP1_ALTITUDE                          
08004106  SP1_MISSION_TIME                      
0800410a  SP1_PACKET_COUNT                      
0800410e  SP1_PACKET_TYPE                       
0800406c  SP1_PC                                
08004069  SP1_RELEASED                          
08004112  SP1_ROTATION_RATE                     
08004116  SP1_TEMPERATURE                       
0800411a  SP2_ALTITUDE                          
0800411e  SP2_MISSION_TIME                      
08004122  SP2_PACKET_COUNT                      
08004126  SP2_PACKET_TYPE                       
08004070  SP2_PC                                
0800406a  SP2_RELEASED                          
0800412a  SP2_ROTATION_RATE                     
0800412e  SP2_TEMPERATURE                       
08004085  SP_ON                                 
0800406b  STATE                                 
0800407c  TEMPERATURE                           
08004080  VOLT_BATT                             
00005140  __TI_CINIT_Base                       
00005160  __TI_CINIT_Limit                      
00005118  __TI_Handler_Table_Base               
00005124  __TI_Handler_Table_Limit              
00013318  __TI_PINIT_Base                       
0001331c  __TI_PINIT_Limit                      
0001651c  __TI_auto_init_nobinit_nopinit        
00016178  __TI_decompress_lzss                  
00016b2c  __TI_decompress_none                  
00016420  __TI_ltoa                             
ffffffff  __TI_pprof_out_hndl                   
0000a510  __TI_printfi                          
ffffffff  __TI_prof_data_size                   
ffffffff  __TI_prof_data_start                  
00000000  __TI_static_base__                    
00016b40  __TI_zero_init                        
000159e0  __aeabi_cdcmpeq                       
000159e0  __aeabi_cdcmple                       
00015ac0  __aeabi_cdrcmple                      
00016208  __aeabi_cfcmpeq                       
00016208  __aeabi_cfcmple                       
00016290  __aeabi_cfrcmple                      
00016048  __aeabi_d2f                           
00016718  __aeabi_d2iz                          
00016774  __aeabi_d2uiz                         
000141d0  __aeabi_dadd                          
00014c68  __aeabi_ddiv                          
000154ac  __aeabi_dmul                          
000141c4  __aeabi_dsub                          
00016b50  __aeabi_errno_addr                    
00016650  __aeabi_f2d                           
00016874  __aeabi_f2iz                          
0001537c  __aeabi_fadd                          
00015d54  __aeabi_fdiv                          
00015fa0  __aeabi_fmul                          
00015378  __aeabi_fsub                          
0001699c  __aeabi_i2d                           
000168c0  __aeabi_i2f                           
000167d0  __aeabi_idiv                          
00016b7c  __aeabi_idiv0                         
000167d0  __aeabi_idivmod                       
00016b7c  __aeabi_ldiv0                         
00015ef0  __aeabi_memclr                        
00015ef0  __aeabi_memclr4                       
00015ef0  __aeabi_memclr8                       
00014df8  __aeabi_memcpy                        
00014df8  __aeabi_memcpy4                       
00014df8  __aeabi_memcpy8                       
00015ef4  __aeabi_memset                        
00015ef4  __aeabi_memset4                       
00015ef4  __aeabi_memset8                       
000169d8  __aeabi_ui2d                          
00016824  __aeabi_uidiv                         
00016824  __aeabi_uidivmod                      
000135e0  __aeabi_uldivmod                      
ffffffff  __binit__                             
ffffffff  __c_args__                            
08001000  __start___llvm_prf_cnts               
08001000  __stop___llvm_prf_cnts                
00013fb0  _c_int00                              
00013240  _coreClearAuxiliaryDataFault_         
00013254  _coreClearAuxiliaryInstructionFault_  
00013218  _coreClearDataFaultAddress_           
000131f0  _coreClearDataFault_                  
0001322c  _coreClearInstructionFaultAddress_    
00013204  _coreClearInstructionFault_           
00013184  _coreDisableEventBusExport_           
000131c8  _coreDisableFlashEcc_                 
000131a4  _coreDisableRamEcc_                   
00013174  _coreEnableEventBusExport_            
000131b4  _coreEnableFlashEcc_                  
000131d8  _coreEnableIrqVicOffset_              
00013194  _coreEnableRamEcc_                    
00013238  _coreGetAuxiliaryDataFault_           
0001324c  _coreGetAuxiliaryInstructionFault_    
00013210  _coreGetDataFaultAddress_             
000131e8  _coreGetDataFault_                    
00013224  _coreGetInstructionFaultAddress_      
000131fc  _coreGetInstructionFault_             
00013050  _coreInitRegisters_                   
00013108  _coreInitStackPointer_                
000170a8  _ctypes_                              
000158f8  _dabort                               
00013268  _disable_FIQ_interrupt_               
00013270  _disable_IRQ_interrupt_               
00013260  _disable_interrupt_                   
00013278  _enable_interrupt_                    
00013308  _errata_CORTEXR4_66_                  
000101fc  _errata_SSWF021_45_both_plls          
000103f0  _errata_SSWF021_45_pll1               
00010568  _errata_SSWF021_45_pll2               
00013280  _esmCcmErrorsClear_                   
00013154  _getCPSRValue_                        
0001315c  _gotoCPUIdle_                         
00015bfc  _pmuDisableCountersGlobal_            
00015bec  _pmuEnableCountersGlobal_             
00015c58  _pmuGetCycleCount_                    
00015c60  _pmuGetEventCount_                    
00015c6c  _pmuGetOverflow_                      
00015ba0  _pmuInit_                             
00015c2c  _pmuResetCounters_                    
00015c0c  _pmuResetCycleCounter_                
00015c1c  _pmuResetEventCounters_               
00015c4c  _pmuSetCountEvent_                    
00015c3c  _pmuStartCounters_                    
00015c44  _pmuStopCounters_                     
UNDEFED   _system_post_cinit                    
00016b68  abort                                 
0000d620  adc1GetConfigValue                    
00009004  adc1ParityCheck                       
0000d1fc  adcCalibration                        
0000d5c0  adcDisableNotification                
0000d570  adcEnableNotification                 
0000d010  adcGetData                            
0000d608  adcGetEVTPin                          
0000ce18  adcInit                               
0000d1cc  adcIsConversionComplete               
0000d19c  adcIsFifoFull                         
0000d3d4  adcMidPointCalibration                
00015cd8  adcNotification                       
0000cfe8  adcResetFiFo                          
0000d5e8  adcSetEVTPin                          
0000cf74  adcStartConversion                    
0000cfc0  adcStopConversion                     
00016b70  atof                                  
0001639c  atoi                                  
ffffffff  binit                                 
08004058  buff_size                             
0800405c  buff_sizeAPI                          
080040d8  cALTITUDE_BAR                         
080040f0  cPACKET_COUNT                         
080040f6  cSP1_PC                               
080040fc  cSP2_PC                               
080040e0  cTEMPERATURE                          
000090bc  can1ParityCheck                       
00009198  can2ParityCheck                       
0000e840  capGetSignal                          
00008030  ccmSelfCheck                          
0000a034  ccmr4GetConfigValue                   
00008938  checkB0RAMECC                         
00008b28  checkB1RAMECC                         
00009604  checkClockMonitor                     
00008d18  checkFlashECC                         
000096d8  checkFlashEEPROMECC                   
00009880  checkPLL1Slip                         
0000999c  checkRAMAddrParity                    
000093bc  checkRAMECC                           
00009aa4  checkRAMUERRTest                      
000087bc  checkefcSelfTest                      
080040d4  cmd_cont                              
00011290  commCX                                
00011374  commSIM                               
00011460  commSIMP                              
000113f8  commSP1X                              
0001142c  commSP2X                              
000112e4  commST                                
08003000  command                               
080040a4  commands                              
080040cc  commandsTam                           
00016b5c  copysign                              
00016b5c  copysignl                             
00008234  cpuSelfTest                           
00008dfc  cpuSelfTestFail                       
00011ac8  createTelemetryPacket                 
0000cd58  customTrimLPO                         
00008df4  custom_dabort                         
0000a424  disableParity                         
00001f00  eTaskConfirmSleepModeStatus           
00000888  eTaskGetState                         
0000e800  edgeDisableNotification               
0000e7c4  edgeEnableNotification                
0000e798  edgeGetCounter                        
00015d2c  edgeNotification                      
0000e76c  edgeResetCounter                      
00008660  efcCheck                              
00009f98  efcGetConfigValue                     
00008794  efcSelfTest                           
000086e8  efcStuckZeroTest                      
0000a3d0  enableParity                          
0000a0b0  errata_PBIST_4                        
08004134  errno                                 
00011690  esmActivateNormalOperation            
00011764  esmClearStatus                        
000117a4  esmClearStatusBuffer                  
00011658  esmDisableError                       
000116c8  esmDisableInterrupt                   
00011630  esmEnableError                        
000116a0  esmEnableInterrupt                    
0001189c  esmEnterSelfTest                      
00011614  esmError                              
00011974  esmGetConfigValue                     
000117e0  esmGetStatus                          
00011864  esmGetStatusBuffer                    
00015c80  esmGroup1Notification                 
00015c90  esmGroup2Notification                 
0001580c  esmHighInterrupt                      
0001150c  esmInit                               
00011924  esmSelfTestStatus                     
000117c0  esmSetCounterPreloadValue             
000116f0  esmSetInterruptLevel                  
00011680  esmTriggerErrorPinReset               
000110d0  findCommand                           
00014f78  floor                                 
00014f78  floorl                                
00009c00  fmcBus1ParityCheck                    
0000885c  fmcBus2Check                          
00008898  fmcECCcheck                           
000164a0  frexp                                 
000164a0  frexpl                                
00011ef0  ftoa                                  
00011d0c  getAltitude                           
00010ec4  getCommand                            
00010f54  getSPTelemetry                        
00012b78  gioDisableNotification                
00012b3c  gioEnableNotification                 
00012aa4  gioGetBit                             
00012bb4  gioGetConfigValue                     
00012acc  gioGetPort                            
00012980  gioInit                               
00015cec  gioNotification                       
00012a34  gioSetBit                             
00012a14  gioSetDirection                       
00012a84  gioSetPort                            
00012ae4  gioToggleBit                          
00016b80  handlePLLLockFail                     
0000e95c  het1GetConfigValue                    
00008eac  het1ParityCheck                       
0000e93c  hetGetTimestamp                       
0000e230  hetInit                               
00015d40  hetNotification                       
0000e920  hetResetTimestamp                     
00008f4c  htu1ParityCheck                       
000155d4  ldexp                                 
000155d4  ldexpl                                
000127a4  linHighLevelInterrupt                 
000125fc  linLowLevelInterrupt                  
000120b0  log                                   
000120b0  logl                                  
0000f3d0  main                                  
0000c4d0  mapClocks                             
00016a3c  memccpy                               
00014df8  memcpy                                
00008174  memoryInit                            
00015ca0  memoryPort0TestFailNotification       
00015cbc  memoryPort1TestFailNotification       
00015f00  memset                                
00009260  mibspi1ParityCheck                    
00015228  muxInit                               
00009d2c  pbistFail                             
00009db0  pbistGetConfigValue                   
000085a8  pbistIsTestCompleted                  
000085d4  pbistIsTestPassed                     
00008608  pbistPortTestStatus                   
000084ac  pbistRun                              
000082cc  pbistSelfCheck                        
00008578  pbistStop                             
00001344  pcTaskGetName                         
0000c47c  periphInit                            
00016b78  phantomInterrupt                      
000152b0  pinmuxGetConfigValue                  
0000b524  pow                                   
0000b524  powl                                  
00004d14  prvMpuDisable                         
00004cfc  prvMpuEnable                          
00004ce4  prvMpuSetRegion                       
00004d3c  pvPortMalloc                          
00001fe0  pvTaskGetThreadLocalStoragePointer    
0000e73c  pwmDisableNotification                
0000e6f4  pwmEnableNotification                 
0000e60c  pwmGetSignal                          
00015d14  pwmNotification                       
0000e358  pwmSetDuty                            
0000e494  pwmSetSignal                          
00014ad0  pwmSetSignal10e3                      
0000e2f0  pwmStart                              
0000e324  pwmStop                               
080008d0  pxCurrentTCB                          
000045c4  pxPortInitialiseStack                 
00000000  resetEntry                            
000155d4  scalbn                                
000155d4  scalbnl                               
0000ff64  sciDisableLoopback                    
0000ffbc  sciDisableNotification                
0000ff30  sciEnableLoopback                     
0000ff80  sciEnableNotification                 
0000fff8  sciEnterResetState                    
00010018  sciExitResetState                     
0000fb18  sciInit                               
0000fe18  sciIsIdleDetected                     
0000fdfc  sciIsRxReady                          
0000fcdc  sciIsTxReady                          
0000fa6c  sciNotification                       
0000fe90  sciReceive                            
0000fe64  sciReceiveByte                        
0000fe34  sciRxError                            
0000fd28  sciSend                               
0000fcf8  sciSendByte                           
00011d50  sciSendData                           
0000fc24  sciSetBaudrate                        
0000fc04  sciSetFunctional                      
00010050  scilinGetConfigValue                  
00008020  selftestFailNotification              
0000c43c  setupFlash                            
0000c378  setupPLL                              
080040d0  sim_ok                                
00011e2c  sltoa                                 
000166b4  sprintf                               
000143d8  sqrt                                  
000143d8  sqrtl                                 
0000cc1c  sramGetConfigValue                    
00009ef8  stcGetConfigValue                     
000081b8  stcSelfCheck                          
00008df8  stcSelfCheckFail                      
00016a6c  strchr                                
00016a94  strcmp                                
00016b00  strcpy                                
00016958  strcspn                               
00016ae0  strlen                                
0001690c  strspn                                
00010860  strtod                                
00016584  strtok                                
00010860  strtold                               
0000c6b0  systemGetConfigValue                  
0000c5b4  systemInit                            
0000c680  systemPowerDown                       
0000ca70  tcmflashGetConfigValue                
08004084  telemetry_ON                          
08003800  tramaAPI                              
0000c3c8  trimLPO                               
080040e8  ulCriticalNesting                     
00004c14  ulPortCountLeadingZeros               
080040ec  ulTaskHasFPUContext                   
00002378  ulTaskNotifyTake                      
00013f24  uxListRemove                          
000038e8  uxQueueMessagesWaiting                
0000396c  uxQueueMessagesWaitingFromISR         
00003920  uxQueueSpacesAvailable                
00001338  uxTaskGetNumberOfTasks                
00002224  uxTaskGetStackHighWaterMark           
0000098c  uxTaskPriorityGet                     
000009d0  uxTaskPriorityGetFromISR              
0000233c  uxTaskResetEventItemValue             
0000453c  vEventGroupClearBitsCallback          
0000449c  vEventGroupDelete                     
00004520  vEventGroupSetBitsCallback            
00013d78  vListInitialise                       
00013dd0  vListInitialiseItem                   
00013e60  vListInsert                           
00013dec  vListInsertEnd                        
0000f8ec  vMissionOperations                    
0000494c  vPortEndScheduler                     
00004f90  vPortFree                             
000050a0  vPortInitialiseBlocks                 
00004b54  vPortPreemptiveTick                   
00004c1c  vPortSWI                              
00004984  vPortStartFirstTask                   
000046b4  vPortStoreTaskMPUSettings             
00004aa0  vPortYeildWithinAPI                   
000049f4  vPortYieldProcessor                   
0000399c  vQueueDelete                          
0000f60c  vSensors                              
0000204c  vTaskAllocateMPURegions               
00000804  vTaskDelay                            
00000698  vTaskDelayUntil                       
00000530  vTaskDelete                           
00001074  vTaskEndScheduler                     
00001ef0  vTaskMissedYield                      
00002930  vTaskNotifyGiveFromISR                
00001ab8  vTaskPlaceOnEventList                 
00001afc  vTaskPlaceOnUnorderedEventList        
00000a18  vTaskPrioritySet                      
00000e14  vTaskResume                           
00001f7c  vTaskSetThreadLocalStoragePointer     
00001d74  vTaskSetTimeOutState                  
00000fdc  vTaskStartScheduler                   
00001658  vTaskStepTick                         
00000c10  vTaskSuspend                          
00001090  vTaskSuspendAll                       
000019d8  vTaskSwitchContext                    
0000f528  vTelemetry                            
0000f4ac  vWaitToStart                          
0000ec08  vimChannelMap                         
0000ee04  vimDisableInterrupt                   
0000ecac  vimEnableInterrupt                    
0000ee88  vimGetConfigValue                     
0000eb34  vimInit                               
00008e00  vimParityCheck                        
00013b10  vimParityErrorHandler                 
00016abc  wcslen                                
00004238  xEventGroupClearBits                  
00003dac  xEventGroupCreate                     
000042bc  xEventGroupGetBitsFromISR             
000042ec  xEventGroupSetBits                    
00003de8  xEventGroupSync                       
00003fe8  xEventGroupWaitBits                   
00005088  xPortGetFreeHeapSize                  
00005094  xPortGetMinimumEverFreeHeapSize       
00004928  xPortStartScheduler                   
00002d00  xQueueGenericCreate                   
000033d8  xQueueGenericReceive                  
00002bd8  xQueueGenericReset                    
00002e1c  xQueueGenericSend                     
000030dc  xQueueGenericSendFromISR              
0000326c  xQueueGiveFromISR                     
00003cd0  xQueueIsQueueEmptyFromISR             
00003d5c  xQueueIsQueueFullFromISR              
000037f4  xQueuePeekFromISR                     
000036ac  xQueueReceiveFromISR                  
000016b4  xTaskAbortDelay                       
00001db8  xTaskCheckForTimeOut                  
000000fc  xTaskCreate                           
00000020  xTaskCreateRestricted                 
00002560  xTaskGenericNotify                    
00002730  xTaskGenericNotifyFromISR             
00001518  xTaskGetHandle                        
00001620  xTaskGetIdleTaskHandle                
000022ec  xTaskGetSchedulerState                
000012f8  xTaskGetTickCount                     
00001314  xTaskGetTickCountFromISR              
000017b0  xTaskIncrementTick                    
000151ac  xTaskNotifyStateClear                 
0000244c  xTaskNotifyWait                       
00001b80  xTaskRemoveFromEventList              
00001c70  xTaskRemoveFromUnorderedEventList     
00001148  xTaskResumeAll                        
00000ef4  xTaskResumeFromISR                    
08004050  xTelemetryHandle                      
08004054  xWTStartHandle                        


GLOBAL SYMBOLS: SORTED BY Symbol Address 

address   name                                  
-------   ----                                  
00000000  __TI_static_base__                    
00000000  resetEntry                            
00000020  xTaskCreateRestricted                 
000000fc  xTaskCreate                           
00000530  vTaskDelete                           
00000698  vTaskDelayUntil                       
00000804  vTaskDelay                            
00000888  eTaskGetState                         
0000098c  uxTaskPriorityGet                     
000009d0  uxTaskPriorityGetFromISR              
00000a18  vTaskPrioritySet                      
00000c10  vTaskSuspend                          
00000e14  vTaskResume                           
00000ef4  xTaskResumeFromISR                    
00000fdc  vTaskStartScheduler                   
00001074  vTaskEndScheduler                     
00001090  vTaskSuspendAll                       
00001148  xTaskResumeAll                        
000012f8  xTaskGetTickCount                     
00001314  xTaskGetTickCountFromISR              
00001338  uxTaskGetNumberOfTasks                
00001344  pcTaskGetName                         
00001518  xTaskGetHandle                        
00001620  xTaskGetIdleTaskHandle                
00001658  vTaskStepTick                         
000016b4  xTaskAbortDelay                       
000017b0  xTaskIncrementTick                    
000019d8  vTaskSwitchContext                    
00001ab8  vTaskPlaceOnEventList                 
00001afc  vTaskPlaceOnUnorderedEventList        
00001b80  xTaskRemoveFromEventList              
00001c70  xTaskRemoveFromUnorderedEventList     
00001d74  vTaskSetTimeOutState                  
00001db8  xTaskCheckForTimeOut                  
00001ef0  vTaskMissedYield                      
00001f00  eTaskConfirmSleepModeStatus           
00001f7c  vTaskSetThreadLocalStoragePointer     
00001fe0  pvTaskGetThreadLocalStoragePointer    
0000204c  vTaskAllocateMPURegions               
00002224  uxTaskGetStackHighWaterMark           
000022ec  xTaskGetSchedulerState                
0000233c  uxTaskResetEventItemValue             
00002378  ulTaskNotifyTake                      
0000244c  xTaskNotifyWait                       
00002560  xTaskGenericNotify                    
00002730  xTaskGenericNotifyFromISR             
00002930  vTaskNotifyGiveFromISR                
00002bd8  xQueueGenericReset                    
00002d00  xQueueGenericCreate                   
00002e1c  xQueueGenericSend                     
000030dc  xQueueGenericSendFromISR              
0000326c  xQueueGiveFromISR                     
000033d8  xQueueGenericReceive                  
000036ac  xQueueReceiveFromISR                  
000037f4  xQueuePeekFromISR                     
000038e8  uxQueueMessagesWaiting                
00003920  uxQueueSpacesAvailable                
0000396c  uxQueueMessagesWaitingFromISR         
0000399c  vQueueDelete                          
00003cd0  xQueueIsQueueEmptyFromISR             
00003d5c  xQueueIsQueueFullFromISR              
00003dac  xEventGroupCreate                     
00003de8  xEventGroupSync                       
00003fe8  xEventGroupWaitBits                   
00004238  xEventGroupClearBits                  
000042bc  xEventGroupGetBitsFromISR             
000042ec  xEventGroupSetBits                    
0000449c  vEventGroupDelete                     
00004520  vEventGroupSetBitsCallback            
0000453c  vEventGroupClearBitsCallback          
000045c4  pxPortInitialiseStack                 
000046b4  vPortStoreTaskMPUSettings             
00004928  xPortStartScheduler                   
0000494c  vPortEndScheduler                     
00004984  vPortStartFirstTask                   
000049f4  vPortYieldProcessor                   
00004aa0  vPortYeildWithinAPI                   
00004b54  vPortPreemptiveTick                   
00004c14  ulPortCountLeadingZeros               
00004c1c  vPortSWI                              
00004ce4  prvMpuSetRegion                       
00004cfc  prvMpuEnable                          
00004d14  prvMpuDisable                         
00004d3c  pvPortMalloc                          
00004f90  vPortFree                             
00005088  xPortGetFreeHeapSize                  
00005094  xPortGetMinimumEverFreeHeapSize       
000050a0  vPortInitialiseBlocks                 
00005118  __TI_Handler_Table_Base               
00005124  __TI_Handler_Table_Limit              
00005140  __TI_CINIT_Base                       
00005160  __TI_CINIT_Limit                      
00008020  selftestFailNotification              
00008030  ccmSelfCheck                          
00008174  memoryInit                            
000081b8  stcSelfCheck                          
00008234  cpuSelfTest                           
000082cc  pbistSelfCheck                        
000084ac  pbistRun                              
00008578  pbistStop                             
000085a8  pbistIsTestCompleted                  
000085d4  pbistIsTestPassed                     
00008608  pbistPortTestStatus                   
00008660  efcCheck                              
000086e8  efcStuckZeroTest                      
00008794  efcSelfTest                           
000087bc  checkefcSelfTest                      
0000885c  fmcBus2Check                          
00008898  fmcECCcheck                           
00008938  checkB0RAMECC                         
00008b28  checkB1RAMECC                         
00008d18  checkFlashECC                         
00008df4  custom_dabort                         
00008df8  stcSelfCheckFail                      
00008dfc  cpuSelfTestFail                       
00008e00  vimParityCheck                        
00008eac  het1ParityCheck                       
00008f4c  htu1ParityCheck                       
00009004  adc1ParityCheck                       
000090bc  can1ParityCheck                       
00009198  can2ParityCheck                       
00009260  mibspi1ParityCheck                    
000093bc  checkRAMECC                           
00009604  checkClockMonitor                     
000096d8  checkFlashEEPROMECC                   
00009880  checkPLL1Slip                         
0000999c  checkRAMAddrParity                    
00009aa4  checkRAMUERRTest                      
00009c00  fmcBus1ParityCheck                    
00009d2c  pbistFail                             
00009db0  pbistGetConfigValue                   
00009ef8  stcGetConfigValue                     
00009f98  efcGetConfigValue                     
0000a034  ccmr4GetConfigValue                   
0000a0b0  errata_PBIST_4                        
0000a3d0  enableParity                          
0000a424  disableParity                         
0000a510  __TI_printfi                          
0000b524  pow                                   
0000b524  powl                                  
0000c378  setupPLL                              
0000c3c8  trimLPO                               
0000c43c  setupFlash                            
0000c47c  periphInit                            
0000c4d0  mapClocks                             
0000c5b4  systemInit                            
0000c680  systemPowerDown                       
0000c6b0  systemGetConfigValue                  
0000ca70  tcmflashGetConfigValue                
0000cc1c  sramGetConfigValue                    
0000cd58  customTrimLPO                         
0000ce18  adcInit                               
0000cf74  adcStartConversion                    
0000cfc0  adcStopConversion                     
0000cfe8  adcResetFiFo                          
0000d010  adcGetData                            
0000d19c  adcIsFifoFull                         
0000d1cc  adcIsConversionComplete               
0000d1fc  adcCalibration                        
0000d3d4  adcMidPointCalibration                
0000d570  adcEnableNotification                 
0000d5c0  adcDisableNotification                
0000d5e8  adcSetEVTPin                          
0000d608  adcGetEVTPin                          
0000d620  adc1GetConfigValue                    
0000d890  MPU_xTaskCreate                       
0000d8f4  MPU_xTaskCreateRestricted             
0000d938  MPU_vTaskAllocateMPURegions           
0000d96c  MPU_vTaskDelete                       
0000d998  MPU_vTaskDelay                        
0000d9c4  MPU_vTaskDelayUntil                   
0000d9f8  MPU_xTaskAbortDelay                   
0000da2c  MPU_uxTaskPriorityGet                 
0000da60  MPU_eTaskGetState                     
0000da94  MPU_vTaskPrioritySet                  
0000dac8  MPU_vTaskSuspend                      
0000daf4  MPU_vTaskResume                       
0000db20  MPU_vTaskSuspendAll                   
0000db44  MPU_xTaskResumeAll                    
0000db70  MPU_xTaskGetTickCount                 
0000db9c  MPU_uxTaskGetNumberOfTasks            
0000dbc8  MPU_pcTaskGetName                     
0000dbfc  MPU_xTaskGetHandle                    
0000dc30  MPU_uxTaskGetStackHighWaterMark       
0000dc64  MPU_vTaskSetThreadLocalStoragePointer 
0000dca8  MPU_pvTaskGetThreadLocalStoragePointer
0000dcec  MPU_xTaskGetIdleTaskHandle            
0000dd18  MPU_xTaskGenericNotify                
0000dd6c  MPU_xTaskNotifyWait                   
0000ddc0  MPU_ulTaskNotifyTake                  
0000de04  MPU_xTaskNotifyStateClear             
0000de38  MPU_vTaskSetTimeOutState              
0000de64  MPU_xTaskCheckForTimeOut              
0000dea8  MPU_xTaskGetSchedulerState            
0000ded4  MPU_xQueueGenericSend                 
0000df28  MPU_xQueueGenericReceive              
0000df7c  MPU_uxQueueMessagesWaiting            
0000dfb0  MPU_uxQueueSpacesAvailable            
0000dfe4  MPU_vQueueDelete                      
0000e010  MPU_xQueueGenericCreate               
0000e05c  MPU_xQueueGenericReset                
0000e0a0  MPU_xEventGroupCreate                 
0000e0cc  MPU_xEventGroupWaitBits               
0000e128  MPU_xEventGroupClearBits              
0000e16c  MPU_xEventGroupSetBits                
0000e1b0  MPU_xEventGroupSync                   
0000e204  MPU_vEventGroupDelete                 
0000e230  hetInit                               
0000e2f0  pwmStart                              
0000e324  pwmStop                               
0000e358  pwmSetDuty                            
0000e494  pwmSetSignal                          
0000e60c  pwmGetSignal                          
0000e6f4  pwmEnableNotification                 
0000e73c  pwmDisableNotification                
0000e76c  edgeResetCounter                      
0000e798  edgeGetCounter                        
0000e7c4  edgeEnableNotification                
0000e800  edgeDisableNotification               
0000e840  capGetSignal                          
0000e920  hetResetTimestamp                     
0000e93c  hetGetTimestamp                       
0000e95c  het1GetConfigValue                    
0000eb34  vimInit                               
0000ec08  vimChannelMap                         
0000ecac  vimEnableInterrupt                    
0000ee04  vimDisableInterrupt                   
0000ee88  vimGetConfigValue                     
0000f3d0  main                                  
0000f4ac  vWaitToStart                          
0000f528  vTelemetry                            
0000f60c  vSensors                              
0000f8ec  vMissionOperations                    
0000fa6c  sciNotification                       
0000fb18  sciInit                               
0000fc04  sciSetFunctional                      
0000fc24  sciSetBaudrate                        
0000fcdc  sciIsTxReady                          
0000fcf8  sciSendByte                           
0000fd28  sciSend                               
0000fdfc  sciIsRxReady                          
0000fe18  sciIsIdleDetected                     
0000fe34  sciRxError                            
0000fe64  sciReceiveByte                        
0000fe90  sciReceive                            
0000ff30  sciEnableLoopback                     
0000ff64  sciDisableLoopback                    
0000ff80  sciEnableNotification                 
0000ffbc  sciDisableNotification                
0000fff8  sciEnterResetState                    
00010018  sciExitResetState                     
00010050  scilinGetConfigValue                  
000101fc  _errata_SSWF021_45_both_plls          
000103f0  _errata_SSWF021_45_pll1               
00010568  _errata_SSWF021_45_pll2               
00010860  strtod                                
00010860  strtold                               
00010ec4  getCommand                            
00010f54  getSPTelemetry                        
000110d0  findCommand                           
00011290  commCX                                
000112e4  commST                                
00011374  commSIM                               
000113f8  commSP1X                              
0001142c  commSP2X                              
00011460  commSIMP                              
0001150c  esmInit                               
00011614  esmError                              
00011630  esmEnableError                        
00011658  esmDisableError                       
00011680  esmTriggerErrorPinReset               
00011690  esmActivateNormalOperation            
000116a0  esmEnableInterrupt                    
000116c8  esmDisableInterrupt                   
000116f0  esmSetInterruptLevel                  
00011764  esmClearStatus                        
000117a4  esmClearStatusBuffer                  
000117c0  esmSetCounterPreloadValue             
000117e0  esmGetStatus                          
00011864  esmGetStatusBuffer                    
0001189c  esmEnterSelfTest                      
00011924  esmSelfTestStatus                     
00011974  esmGetConfigValue                     
00011ac8  createTelemetryPacket                 
00011d0c  getAltitude                           
00011d50  sciSendData                           
00011e2c  sltoa                                 
00011ef0  ftoa                                  
000120b0  log                                   
000120b0  logl                                  
000125fc  linLowLevelInterrupt                  
000127a4  linHighLevelInterrupt                 
00012980  gioInit                               
00012a14  gioSetDirection                       
00012a34  gioSetBit                             
00012a84  gioSetPort                            
00012aa4  gioGetBit                             
00012acc  gioGetPort                            
00012ae4  gioToggleBit                          
00012b3c  gioEnableNotification                 
00012b78  gioDisableNotification                
00012bb4  gioGetConfigValue                     
00013050  _coreInitRegisters_                   
00013108  _coreInitStackPointer_                
00013154  _getCPSRValue_                        
0001315c  _gotoCPUIdle_                         
00013174  _coreEnableEventBusExport_            
00013184  _coreDisableEventBusExport_           
00013194  _coreEnableRamEcc_                    
000131a4  _coreDisableRamEcc_                   
000131b4  _coreEnableFlashEcc_                  
000131c8  _coreDisableFlashEcc_                 
000131d8  _coreEnableIrqVicOffset_              
000131e8  _coreGetDataFault_                    
000131f0  _coreClearDataFault_                  
000131fc  _coreGetInstructionFault_             
00013204  _coreClearInstructionFault_           
00013210  _coreGetDataFaultAddress_             
00013218  _coreClearDataFaultAddress_           
00013224  _coreGetInstructionFaultAddress_      
0001322c  _coreClearInstructionFaultAddress_    
00013238  _coreGetAuxiliaryDataFault_           
00013240  _coreClearAuxiliaryDataFault_         
0001324c  _coreGetAuxiliaryInstructionFault_    
00013254  _coreClearAuxiliaryInstructionFault_  
00013260  _disable_interrupt_                   
00013268  _disable_FIQ_interrupt_               
00013270  _disable_IRQ_interrupt_               
00013278  _enable_interrupt_                    
00013280  _esmCcmErrorsClear_                   
00013308  _errata_CORTEXR4_66_                  
00013318  __TI_PINIT_Base                       
0001331c  __TI_PINIT_Limit                      
000135e0  __aeabi_uldivmod                      
00013b10  vimParityErrorHandler                 
00013d78  vListInitialise                       
00013dd0  vListInitialiseItem                   
00013dec  vListInsertEnd                        
00013e60  vListInsert                           
00013f24  uxListRemove                          
00013fb0  _c_int00                              
000141c4  __aeabi_dsub                          
000141d0  __aeabi_dadd                          
000143d8  sqrt                                  
000143d8  sqrtl                                 
00014ad0  pwmSetSignal10e3                      
00014c68  __aeabi_ddiv                          
00014df8  __aeabi_memcpy                        
00014df8  __aeabi_memcpy4                       
00014df8  __aeabi_memcpy8                       
00014df8  memcpy                                
00014f78  floor                                 
00014f78  floorl                                
000151ac  xTaskNotifyStateClear                 
00015228  muxInit                               
000152b0  pinmuxGetConfigValue                  
00015378  __aeabi_fsub                          
0001537c  __aeabi_fadd                          
000154ac  __aeabi_dmul                          
000155d4  ldexp                                 
000155d4  ldexpl                                
000155d4  scalbn                                
000155d4  scalbnl                               
0001580c  esmHighInterrupt                      
000158f8  _dabort                               
000159e0  __aeabi_cdcmpeq                       
000159e0  __aeabi_cdcmple                       
00015ac0  __aeabi_cdrcmple                      
00015ba0  _pmuInit_                             
00015bec  _pmuEnableCountersGlobal_             
00015bfc  _pmuDisableCountersGlobal_            
00015c0c  _pmuResetCycleCounter_                
00015c1c  _pmuResetEventCounters_               
00015c2c  _pmuResetCounters_                    
00015c3c  _pmuStartCounters_                    
00015c44  _pmuStopCounters_                     
00015c4c  _pmuSetCountEvent_                    
00015c58  _pmuGetCycleCount_                    
00015c60  _pmuGetEventCount_                    
00015c6c  _pmuGetOverflow_                      
00015c80  esmGroup1Notification                 
00015c90  esmGroup2Notification                 
00015ca0  memoryPort0TestFailNotification       
00015cbc  memoryPort1TestFailNotification       
00015cd8  adcNotification                       
00015cec  gioNotification                       
00015d14  pwmNotification                       
00015d2c  edgeNotification                      
00015d40  hetNotification                       
00015d54  __aeabi_fdiv                          
00015ef0  __aeabi_memclr                        
00015ef0  __aeabi_memclr4                       
00015ef0  __aeabi_memclr8                       
00015ef4  __aeabi_memset                        
00015ef4  __aeabi_memset4                       
00015ef4  __aeabi_memset8                       
00015f00  memset                                
00015fa0  __aeabi_fmul                          
00016048  __aeabi_d2f                           
00016178  __TI_decompress_lzss                  
00016208  __aeabi_cfcmpeq                       
00016208  __aeabi_cfcmple                       
00016290  __aeabi_cfrcmple                      
0001639c  atoi                                  
00016420  __TI_ltoa                             
000164a0  frexp                                 
000164a0  frexpl                                
0001651c  __TI_auto_init_nobinit_nopinit        
00016584  strtok                                
00016650  __aeabi_f2d                           
000166b4  sprintf                               
00016718  __aeabi_d2iz                          
00016774  __aeabi_d2uiz                         
000167d0  __aeabi_idiv                          
000167d0  __aeabi_idivmod                       
00016824  __aeabi_uidiv                         
00016824  __aeabi_uidivmod                      
00016874  __aeabi_f2iz                          
000168c0  __aeabi_i2f                           
0001690c  strspn                                
00016958  strcspn                               
0001699c  __aeabi_i2d                           
000169d8  __aeabi_ui2d                          
00016a3c  memccpy                               
00016a6c  strchr                                
00016a94  strcmp                                
00016abc  wcslen                                
00016ae0  strlen                                
00016b00  strcpy                                
00016b2c  __TI_decompress_none                  
00016b40  __TI_zero_init                        
00016b50  __aeabi_errno_addr                    
00016b5c  copysign                              
00016b5c  copysignl                             
00016b68  C$$EXIT                               
00016b68  abort                                 
00016b70  atof                                  
00016b78  phantomInterrupt                      
00016b7c  __aeabi_idiv0                         
00016b7c  __aeabi_ldiv0                         
00016b80  handlePLLLockFail                     
000170a8  _ctypes_                              
080008d0  pxCurrentTCB                          
08001000  __start___llvm_prf_cnts               
08001000  __stop___llvm_prf_cnts                
08003000  command                               
08003800  tramaAPI                              
08004028  CMD_KEY                               
08004038  SERVO_PAYLOAD                         
08004050  xTelemetryHandle                      
08004054  xWTStartHandle                        
08004058  buff_size                             
0800405c  buff_sizeAPI                          
08004060  MISSION_TIME                          
08004064  PACKET_COUNT                          
08004068  MODE                                  
08004069  SP1_RELEASED                          
0800406a  SP2_RELEASED                          
0800406b  STATE                                 
0800406c  SP1_PC                                
08004070  SP2_PC                                
08004074  ALTITUDE_BAR                          
08004078  PRESS_BAR                             
0800407c  TEMPERATURE                           
08004080  VOLT_BATT                             
08004084  telemetry_ON                          
08004085  SP_ON                                 
0800408c  FSW_STATE                             
080040a4  commands                              
080040cc  commandsTam                           
080040d0  sim_ok                                
080040d4  cmd_cont                              
080040d8  cALTITUDE_BAR                         
080040e0  cTEMPERATURE                          
080040e8  ulCriticalNesting                     
080040ec  ulTaskHasFPUContext                   
080040f0  cPACKET_COUNT                         
080040f6  cSP1_PC                               
080040fc  cSP2_PC                               
08004102  SP1_ALTITUDE                          
08004106  SP1_MISSION_TIME                      
0800410a  SP1_PACKET_COUNT                      
0800410e  SP1_PACKET_TYPE                       
08004112  SP1_ROTATION_RATE                     
08004116  SP1_TEMPERATURE                       
0800411a  SP2_ALTITUDE                          
0800411e  SP2_MISSION_TIME                      
08004122  SP2_PACKET_COUNT                      
08004126  SP2_PACKET_TYPE                       
0800412a  SP2_ROTATION_RATE                     
0800412e  SP2_TEMPERATURE                       
08004134  errno                                 
ffffffff  __TI_pprof_out_hndl                   
ffffffff  __TI_prof_data_size                   
ffffffff  __TI_prof_data_start                  
ffffffff  __binit__                             
ffffffff  __c_args__                            
ffffffff  binit                                 
UNDEFED   PRESS_INIT                            
UNDEFED   SHT$$INIT_ARRAY$$Base                 
UNDEFED   SHT$$INIT_ARRAY$$Limit                
UNDEFED   _system_post_cinit                    

[502 symbols]
