<?xml version="1.0" encoding="ISO-8859-1" ?>
<link_info>
   <banner>TI ARM Linker PC v18.12.4.LTS</banner>
   <copyright>Copyright (c) 1996-2018 Texas Instruments Incorporated</copyright>
   <link_time>0x606bd087</link_time>
   <link_errors>0x0</link_errors>
   <output_file>CC2021_RM42x.out</output_file>
   <entry_point>
      <name>_c_int00</name>
      <address>0x13b64</address>
   </entry_point>
   <input_file_list>
      <input_file id="fl-2">
         <path>.\source\KaanSat_Lib\</path>
         <kind>object</kind>
         <file>Commands.obj</file>
         <name>Commands.obj</name>
      </input_file>
      <input_file id="fl-3">
         <path>.\source\KaanSat_Lib\</path>
         <kind>object</kind>
         <file>PWM.obj</file>
         <name>PWM.obj</name>
      </input_file>
      <input_file id="fl-4">
         <path>.\source\KaanSat_Lib\</path>
         <kind>object</kind>
         <file>Utilities.obj</file>
         <name>Utilities.obj</name>
      </input_file>
      <input_file id="fl-5">
         <path>.\source\</path>
         <kind>object</kind>
         <file>adc.obj</file>
         <name>adc.obj</name>
      </input_file>
      <input_file id="fl-6">
         <path>.\source\</path>
         <kind>object</kind>
         <file>dabort.obj</file>
         <name>dabort.obj</name>
      </input_file>
      <input_file id="fl-7">
         <path>.\source\</path>
         <kind>object</kind>
         <file>errata_SSWF021_45.obj</file>
         <name>errata_SSWF021_45.obj</name>
      </input_file>
      <input_file id="fl-8">
         <path>.\source\</path>
         <kind>object</kind>
         <file>esm.obj</file>
         <name>esm.obj</name>
      </input_file>
      <input_file id="fl-9">
         <path>.\source\</path>
         <kind>object</kind>
         <file>gio.obj</file>
         <name>gio.obj</name>
      </input_file>
      <input_file id="fl-a">
         <path>.\source\</path>
         <kind>object</kind>
         <file>het.obj</file>
         <name>het.obj</name>
      </input_file>
      <input_file id="fl-b">
         <path>.\source\</path>
         <kind>object</kind>
         <file>notification.obj</file>
         <name>notification.obj</name>
      </input_file>
      <input_file id="fl-c">
         <path>.\source\</path>
         <kind>object</kind>
         <file>os_croutine.obj</file>
         <name>os_croutine.obj</name>
      </input_file>
      <input_file id="fl-d">
         <path>.\source\</path>
         <kind>object</kind>
         <file>os_event_groups.obj</file>
         <name>os_event_groups.obj</name>
      </input_file>
      <input_file id="fl-e">
         <path>.\source\</path>
         <kind>object</kind>
         <file>os_heap.obj</file>
         <name>os_heap.obj</name>
      </input_file>
      <input_file id="fl-f">
         <path>.\source\</path>
         <kind>object</kind>
         <file>os_list.obj</file>
         <name>os_list.obj</name>
      </input_file>
      <input_file id="fl-10">
         <path>.\source\</path>
         <kind>object</kind>
         <file>os_mpu_wrappers.obj</file>
         <name>os_mpu_wrappers.obj</name>
      </input_file>
      <input_file id="fl-11">
         <path>.\source\</path>
         <kind>object</kind>
         <file>os_port.obj</file>
         <name>os_port.obj</name>
      </input_file>
      <input_file id="fl-12">
         <path>.\source\</path>
         <kind>object</kind>
         <file>os_portasm.obj</file>
         <name>os_portasm.obj</name>
      </input_file>
      <input_file id="fl-13">
         <path>.\source\</path>
         <kind>object</kind>
         <file>os_queue.obj</file>
         <name>os_queue.obj</name>
      </input_file>
      <input_file id="fl-14">
         <path>.\source\</path>
         <kind>object</kind>
         <file>os_tasks.obj</file>
         <name>os_tasks.obj</name>
      </input_file>
      <input_file id="fl-15">
         <path>.\source\</path>
         <kind>object</kind>
         <file>os_timer.obj</file>
         <name>os_timer.obj</name>
      </input_file>
      <input_file id="fl-16">
         <path>.\source\</path>
         <kind>object</kind>
         <file>pinmux.obj</file>
         <name>pinmux.obj</name>
      </input_file>
      <input_file id="fl-17">
         <path>.\source\</path>
         <kind>object</kind>
         <file>sci.obj</file>
         <name>sci.obj</name>
      </input_file>
      <input_file id="fl-18">
         <path>.\source\</path>
         <kind>object</kind>
         <file>sys_core.obj</file>
         <name>sys_core.obj</name>
      </input_file>
      <input_file id="fl-19">
         <path>.\source\</path>
         <kind>object</kind>
         <file>sys_intvecs.obj</file>
         <name>sys_intvecs.obj</name>
      </input_file>
      <input_file id="fl-1a">
         <path>.\source\</path>
         <kind>object</kind>
         <file>sys_main.obj</file>
         <name>sys_main.obj</name>
      </input_file>
      <input_file id="fl-1b">
         <path>.\source\</path>
         <kind>object</kind>
         <file>sys_mpu.obj</file>
         <name>sys_mpu.obj</name>
      </input_file>
      <input_file id="fl-1c">
         <path>.\source\</path>
         <kind>object</kind>
         <file>sys_pcr.obj</file>
         <name>sys_pcr.obj</name>
      </input_file>
      <input_file id="fl-1d">
         <path>.\source\</path>
         <kind>object</kind>
         <file>sys_phantom.obj</file>
         <name>sys_phantom.obj</name>
      </input_file>
      <input_file id="fl-1e">
         <path>.\source\</path>
         <kind>object</kind>
         <file>sys_pmu.obj</file>
         <name>sys_pmu.obj</name>
      </input_file>
      <input_file id="fl-1f">
         <path>.\source\</path>
         <kind>object</kind>
         <file>sys_selftest.obj</file>
         <name>sys_selftest.obj</name>
      </input_file>
      <input_file id="fl-20">
         <path>.\source\</path>
         <kind>object</kind>
         <file>sys_startup.obj</file>
         <name>sys_startup.obj</name>
      </input_file>
      <input_file id="fl-21">
         <path>.\source\</path>
         <kind>object</kind>
         <file>sys_vim.obj</file>
         <name>sys_vim.obj</name>
      </input_file>
      <input_file id="fl-22">
         <path>.\source\</path>
         <kind>object</kind>
         <file>system.obj</file>
         <name>system.obj</name>
      </input_file>
      <input_file id="fl-26">
         <kind>object</kind>
         <file>&lt;internal&gt;</file>
         <name>&lt;internal&gt;</name>
      </input_file>
      <input_file id="fl-dc">
         <path>C:\ti\ccs930\ccs\tools\compiler\ti-cgt-arm_18.12.4.LTS\lib\</path>
         <kind>archive</kind>
         <file>rtsv7R4_A_le_eabi.lib</file>
         <name>e_log.c.obj</name>
      </input_file>
      <input_file id="fl-dd">
         <path>C:\ti\ccs930\ccs\tools\compiler\ti-cgt-arm_18.12.4.LTS\lib\</path>
         <kind>archive</kind>
         <file>rtsv7R4_A_le_eabi.lib</file>
         <name>e_pow.c.obj</name>
      </input_file>
      <input_file id="fl-de">
         <path>C:\ti\ccs930\ccs\tools\compiler\ti-cgt-arm_18.12.4.LTS\lib\</path>
         <kind>archive</kind>
         <file>rtsv7R4_A_le_eabi.lib</file>
         <name>e_sqrt.c.obj</name>
      </input_file>
      <input_file id="fl-df">
         <path>C:\ti\ccs930\ccs\tools\compiler\ti-cgt-arm_18.12.4.LTS\lib\</path>
         <kind>archive</kind>
         <file>rtsv7R4_A_le_eabi.lib</file>
         <name>s_floor.c.obj</name>
      </input_file>
      <input_file id="fl-e0">
         <path>C:\ti\ccs930\ccs\tools\compiler\ti-cgt-arm_18.12.4.LTS\lib\</path>
         <kind>archive</kind>
         <file>rtsv7R4_A_le_eabi.lib</file>
         <name>s_scalbn.c.obj</name>
      </input_file>
      <input_file id="fl-e1">
         <path>C:\ti\ccs930\ccs\tools\compiler\ti-cgt-arm_18.12.4.LTS\lib\</path>
         <kind>archive</kind>
         <file>rtsv7R4_A_le_eabi.lib</file>
         <name>sprintf.c.obj</name>
      </input_file>
      <input_file id="fl-e2">
         <path>C:\ti\ccs930\ccs\tools\compiler\ti-cgt-arm_18.12.4.LTS\lib\</path>
         <kind>archive</kind>
         <file>rtsv7R4_A_le_eabi.lib</file>
         <name>s_copysign.c.obj</name>
      </input_file>
      <input_file id="fl-e3">
         <path>C:\ti\ccs930\ccs\tools\compiler\ti-cgt-arm_18.12.4.LTS\lib\</path>
         <kind>archive</kind>
         <file>rtsv7R4_A_le_eabi.lib</file>
         <name>memset32.asm.obj</name>
      </input_file>
      <input_file id="fl-e4">
         <path>C:\ti\ccs930\ccs\tools\compiler\ti-cgt-arm_18.12.4.LTS\lib\</path>
         <kind>archive</kind>
         <file>rtsv7R4_A_le_eabi.lib</file>
         <name>u_div32.asm.obj</name>
      </input_file>
      <input_file id="fl-e5">
         <path>C:\ti\ccs930\ccs\tools\compiler\ti-cgt-arm_18.12.4.LTS\lib\</path>
         <kind>archive</kind>
         <file>rtsv7R4_A_le_eabi.lib</file>
         <name>fd_add32.asm.obj</name>
      </input_file>
      <input_file id="fl-e6">
         <path>C:\ti\ccs930\ccs\tools\compiler\ti-cgt-arm_18.12.4.LTS\lib\</path>
         <kind>archive</kind>
         <file>rtsv7R4_A_le_eabi.lib</file>
         <name>fd_cmp32.asm.obj</name>
      </input_file>
      <input_file id="fl-e7">
         <path>C:\ti\ccs930\ccs\tools\compiler\ti-cgt-arm_18.12.4.LTS\lib\</path>
         <kind>archive</kind>
         <file>rtsv7R4_A_le_eabi.lib</file>
         <name>fd_div32.asm.obj</name>
      </input_file>
      <input_file id="fl-e8">
         <path>C:\ti\ccs930\ccs\tools\compiler\ti-cgt-arm_18.12.4.LTS\lib\</path>
         <kind>archive</kind>
         <file>rtsv7R4_A_le_eabi.lib</file>
         <name>fd_mul32.asm.obj</name>
      </input_file>
      <input_file id="fl-e9">
         <path>C:\ti\ccs930\ccs\tools\compiler\ti-cgt-arm_18.12.4.LTS\lib\</path>
         <kind>archive</kind>
         <file>rtsv7R4_A_le_eabi.lib</file>
         <name>fd_toi32.asm.obj</name>
      </input_file>
      <input_file id="fl-ea">
         <path>C:\ti\ccs930\ccs\tools\compiler\ti-cgt-arm_18.12.4.LTS\lib\</path>
         <kind>archive</kind>
         <file>rtsv7R4_A_le_eabi.lib</file>
         <name>fd_tos32.asm.obj</name>
      </input_file>
      <input_file id="fl-eb">
         <path>C:\ti\ccs930\ccs\tools\compiler\ti-cgt-arm_18.12.4.LTS\lib\</path>
         <kind>archive</kind>
         <file>rtsv7R4_A_le_eabi.lib</file>
         <name>fd_tou32.asm.obj</name>
      </input_file>
      <input_file id="fl-ec">
         <path>C:\ti\ccs930\ccs\tools\compiler\ti-cgt-arm_18.12.4.LTS\lib\</path>
         <kind>archive</kind>
         <file>rtsv7R4_A_le_eabi.lib</file>
         <name>fs_add32.asm.obj</name>
      </input_file>
      <input_file id="fl-ed">
         <path>C:\ti\ccs930\ccs\tools\compiler\ti-cgt-arm_18.12.4.LTS\lib\</path>
         <kind>archive</kind>
         <file>rtsv7R4_A_le_eabi.lib</file>
         <name>fs_cmp32.asm.obj</name>
      </input_file>
      <input_file id="fl-ee">
         <path>C:\ti\ccs930\ccs\tools\compiler\ti-cgt-arm_18.12.4.LTS\lib\</path>
         <kind>archive</kind>
         <file>rtsv7R4_A_le_eabi.lib</file>
         <name>fs_div32.asm.obj</name>
      </input_file>
      <input_file id="fl-ef">
         <path>C:\ti\ccs930\ccs\tools\compiler\ti-cgt-arm_18.12.4.LTS\lib\</path>
         <kind>archive</kind>
         <file>rtsv7R4_A_le_eabi.lib</file>
         <name>fs_tod32.asm.obj</name>
      </input_file>
      <input_file id="fl-f0">
         <path>C:\ti\ccs930\ccs\tools\compiler\ti-cgt-arm_18.12.4.LTS\lib\</path>
         <kind>archive</kind>
         <file>rtsv7R4_A_le_eabi.lib</file>
         <name>fs_toi32.asm.obj</name>
      </input_file>
      <input_file id="fl-f1">
         <path>C:\ti\ccs930\ccs\tools\compiler\ti-cgt-arm_18.12.4.LTS\lib\</path>
         <kind>archive</kind>
         <file>rtsv7R4_A_le_eabi.lib</file>
         <name>i_tofd32.asm.obj</name>
      </input_file>
      <input_file id="fl-f2">
         <path>C:\ti\ccs930\ccs\tools\compiler\ti-cgt-arm_18.12.4.LTS\lib\</path>
         <kind>archive</kind>
         <file>rtsv7R4_A_le_eabi.lib</file>
         <name>i_tofs32.asm.obj</name>
      </input_file>
      <input_file id="fl-f3">
         <path>C:\ti\ccs930\ccs\tools\compiler\ti-cgt-arm_18.12.4.LTS\lib\</path>
         <kind>archive</kind>
         <file>rtsv7R4_A_le_eabi.lib</file>
         <name>memcpy32.asm.obj</name>
      </input_file>
      <input_file id="fl-f4">
         <path>C:\ti\ccs930\ccs\tools\compiler\ti-cgt-arm_18.12.4.LTS\lib\</path>
         <kind>archive</kind>
         <file>rtsv7R4_A_le_eabi.lib</file>
         <name>u_tofd32.asm.obj</name>
      </input_file>
      <input_file id="fl-f5">
         <path>C:\ti\ccs930\ccs\tools\compiler\ti-cgt-arm_18.12.4.LTS\lib\</path>
         <kind>archive</kind>
         <file>rtsv7R4_A_le_eabi.lib</file>
         <name>autoinit.c.obj</name>
      </input_file>
      <input_file id="fl-f6">
         <path>C:\ti\ccs930\ccs\tools\compiler\ti-cgt-arm_18.12.4.LTS\lib\</path>
         <kind>archive</kind>
         <file>rtsv7R4_A_le_eabi.lib</file>
         <name>cpy_tbl.c.obj</name>
      </input_file>
      <input_file id="fl-f7">
         <path>C:\ti\ccs930\ccs\tools\compiler\ti-cgt-arm_18.12.4.LTS\lib\</path>
         <kind>archive</kind>
         <file>rtsv7R4_A_le_eabi.lib</file>
         <name>copy_zero_init.c.obj</name>
      </input_file>
      <input_file id="fl-f8">
         <path>C:\ti\ccs930\ccs\tools\compiler\ti-cgt-arm_18.12.4.LTS\lib\</path>
         <kind>archive</kind>
         <file>rtsv7R4_A_le_eabi.lib</file>
         <name>copy_decompress_none.c.obj</name>
      </input_file>
      <input_file id="fl-f9">
         <path>C:\ti\ccs930\ccs\tools\compiler\ti-cgt-arm_18.12.4.LTS\lib\</path>
         <kind>archive</kind>
         <file>rtsv7R4_A_le_eabi.lib</file>
         <name>copy_decompress_lzss.c.obj</name>
      </input_file>
      <input_file id="fl-fa">
         <path>C:\ti\ccs930\ccs\tools\compiler\ti-cgt-arm_18.12.4.LTS\lib\</path>
         <kind>archive</kind>
         <file>rtsv7R4_A_le_eabi.lib</file>
         <name>exit.c.obj</name>
      </input_file>
      <input_file id="fl-fb">
         <path>C:\ti\ccs930\ccs\tools\compiler\ti-cgt-arm_18.12.4.LTS\lib\</path>
         <kind>archive</kind>
         <file>rtsv7R4_A_le_eabi.lib</file>
         <name>_lock.c.obj</name>
      </input_file>
      <input_file id="fl-fc">
         <path>C:\ti\ccs930\ccs\tools\compiler\ti-cgt-arm_18.12.4.LTS\lib\</path>
         <kind>archive</kind>
         <file>rtsv7R4_A_le_eabi.lib</file>
         <name>atof.c.obj</name>
      </input_file>
      <input_file id="fl-fd">
         <path>C:\ti\ccs930\ccs\tools\compiler\ti-cgt-arm_18.12.4.LTS\lib\</path>
         <kind>archive</kind>
         <file>rtsv7R4_A_le_eabi.lib</file>
         <name>strcmp.c.obj</name>
      </input_file>
      <input_file id="fl-fe">
         <path>C:\ti\ccs930\ccs\tools\compiler\ti-cgt-arm_18.12.4.LTS\lib\</path>
         <kind>archive</kind>
         <file>rtsv7R4_A_le_eabi.lib</file>
         <name>strcpy.c.obj</name>
      </input_file>
      <input_file id="fl-ff">
         <path>C:\ti\ccs930\ccs\tools\compiler\ti-cgt-arm_18.12.4.LTS\lib\</path>
         <kind>archive</kind>
         <file>rtsv7R4_A_le_eabi.lib</file>
         <name>strlen.c.obj</name>
      </input_file>
      <input_file id="fl-100">
         <path>C:\ti\ccs930\ccs\tools\compiler\ti-cgt-arm_18.12.4.LTS\lib\</path>
         <kind>archive</kind>
         <file>rtsv7R4_A_le_eabi.lib</file>
         <name>strtod.c.obj</name>
      </input_file>
      <input_file id="fl-101">
         <path>C:\ti\ccs930\ccs\tools\compiler\ti-cgt-arm_18.12.4.LTS\lib\</path>
         <kind>archive</kind>
         <file>rtsv7R4_A_le_eabi.lib</file>
         <name>strtok.c.obj</name>
      </input_file>
      <input_file id="fl-102">
         <path>C:\ti\ccs930\ccs\tools\compiler\ti-cgt-arm_18.12.4.LTS\lib\</path>
         <kind>archive</kind>
         <file>rtsv7R4_A_le_eabi.lib</file>
         <name>errno.c.obj</name>
      </input_file>
      <input_file id="fl-103">
         <path>C:\ti\ccs930\ccs\tools\compiler\ti-cgt-arm_18.12.4.LTS\lib\</path>
         <kind>archive</kind>
         <file>rtsv7R4_A_le_eabi.lib</file>
         <name>_printfi.c.obj</name>
      </input_file>
      <input_file id="fl-104">
         <path>C:\ti\ccs930\ccs\tools\compiler\ti-cgt-arm_18.12.4.LTS\lib\</path>
         <kind>archive</kind>
         <file>rtsv7R4_A_le_eabi.lib</file>
         <name>div0.asm.obj</name>
      </input_file>
      <input_file id="fl-105">
         <path>C:\ti\ccs930\ccs\tools\compiler\ti-cgt-arm_18.12.4.LTS\lib\</path>
         <kind>archive</kind>
         <file>rtsv7R4_A_le_eabi.lib</file>
         <name>ull_div32.asm.obj</name>
      </input_file>
      <input_file id="fl-106">
         <path>C:\ti\ccs930\ccs\tools\compiler\ti-cgt-arm_18.12.4.LTS\lib\</path>
         <kind>archive</kind>
         <file>rtsv7R4_A_le_eabi.lib</file>
         <name>atoi.c.obj</name>
      </input_file>
      <input_file id="fl-107">
         <path>C:\ti\ccs930\ccs\tools\compiler\ti-cgt-arm_18.12.4.LTS\lib\</path>
         <kind>archive</kind>
         <file>rtsv7R4_A_le_eabi.lib</file>
         <name>ctype.c.obj</name>
      </input_file>
      <input_file id="fl-108">
         <path>C:\ti\ccs930\ccs\tools\compiler\ti-cgt-arm_18.12.4.LTS\lib\</path>
         <kind>archive</kind>
         <file>rtsv7R4_A_le_eabi.lib</file>
         <name>ltoa.c.obj</name>
      </input_file>
      <input_file id="fl-109">
         <path>C:\ti\ccs930\ccs\tools\compiler\ti-cgt-arm_18.12.4.LTS\lib\</path>
         <kind>archive</kind>
         <file>rtsv7R4_A_le_eabi.lib</file>
         <name>memccpy.c.obj</name>
      </input_file>
      <input_file id="fl-10a">
         <path>C:\ti\ccs930\ccs\tools\compiler\ti-cgt-arm_18.12.4.LTS\lib\</path>
         <kind>archive</kind>
         <file>rtsv7R4_A_le_eabi.lib</file>
         <name>strchr.c.obj</name>
      </input_file>
      <input_file id="fl-10b">
         <path>C:\ti\ccs930\ccs\tools\compiler\ti-cgt-arm_18.12.4.LTS\lib\</path>
         <kind>archive</kind>
         <file>rtsv7R4_A_le_eabi.lib</file>
         <name>strcspn.c.obj</name>
      </input_file>
      <input_file id="fl-10c">
         <path>C:\ti\ccs930\ccs\tools\compiler\ti-cgt-arm_18.12.4.LTS\lib\</path>
         <kind>archive</kind>
         <file>rtsv7R4_A_le_eabi.lib</file>
         <name>strspn.c.obj</name>
      </input_file>
      <input_file id="fl-10d">
         <path>C:\ti\ccs930\ccs\tools\compiler\ti-cgt-arm_18.12.4.LTS\lib\</path>
         <kind>archive</kind>
         <file>rtsv7R4_A_le_eabi.lib</file>
         <name>wcslen.c.obj</name>
      </input_file>
      <input_file id="fl-10e">
         <path>C:\ti\ccs930\ccs\tools\compiler\ti-cgt-arm_18.12.4.LTS\lib\</path>
         <kind>archive</kind>
         <file>rtsv7R4_A_le_eabi.lib</file>
         <name>s_frexp.c.obj</name>
      </input_file>
      <input_file id="fl-10f">
         <path>C:\ti\ccs930\ccs\tools\compiler\ti-cgt-arm_18.12.4.LTS\lib\</path>
         <kind>archive</kind>
         <file>rtsv7R4_A_le_eabi.lib</file>
         <name>i_div32.asm.obj</name>
      </input_file>
   </input_file_list>
   <object_component_list>
      <object_component id="oc-30">
         <name>.intvecs</name>
         <load_address>0x0</load_address>
         <run_address>0x0</run_address>
         <size>0x20</size>
         <input_file_ref idref="fl-19"/>
      </object_component>
      <object_component id="oc-14d">
         <name>.kernelTEXT</name>
         <load_address>0x20</load_address>
         <run_address>0x20</run_address>
         <size>0x2bdc</size>
         <input_file_ref idref="fl-14"/>
      </object_component>
      <object_component id="oc-27f">
         <name>.kernelTEXT</name>
         <load_address>0x2bfc</load_address>
         <run_address>0x2bfc</run_address>
         <size>0x11dc</size>
         <input_file_ref idref="fl-13"/>
      </object_component>
      <object_component id="oc-285">
         <name>.kernelTEXT</name>
         <load_address>0x3dd8</load_address>
         <run_address>0x3dd8</run_address>
         <size>0x81c</size>
         <input_file_ref idref="fl-d"/>
      </object_component>
      <object_component id="oc-2ad">
         <name>.kernelTEXT</name>
         <load_address>0x45f4</load_address>
         <run_address>0x45f4</run_address>
         <size>0x3bc</size>
         <input_file_ref idref="fl-11"/>
      </object_component>
      <object_component id="oc-a2">
         <name>.kernelTEXT</name>
         <load_address>0x49b0</load_address>
         <run_address>0x49b0</run_address>
         <size>0x3bc</size>
         <input_file_ref idref="fl-12"/>
      </object_component>
      <object_component id="oc-2a1">
         <name>.kernelTEXT</name>
         <load_address>0x4d6c</load_address>
         <run_address>0x4d6c</run_address>
         <size>0x380</size>
         <input_file_ref idref="fl-e"/>
      </object_component>
      <object_component id="oc-629">
         <name>.cinit..data.load</name>
         <load_address>0x50f0</load_address>
         <run_address>0x50f0</run_address>
         <size>0x62</size>
      </object_component>
      <object_component id="oc-624">
         <name>__TI_handler_table</name>
         <load_address>0x5154</load_address>
         <run_address>0x5154</run_address>
         <size>0xc</size>
      </object_component>
      <object_component id="oc-626">
         <name>.cinit..kernelBSS.load</name>
         <load_address>0x5160</load_address>
         <run_address>0x5160</run_address>
         <size>0x9</size>
      </object_component>
      <object_component id="oc-628">
         <name>.cinit..bss.load</name>
         <load_address>0x5170</load_address>
         <run_address>0x5170</run_address>
         <size>0x8</size>
      </object_component>
      <object_component id="oc-627">
         <name>.cinit..kernelHEAP.load</name>
         <load_address>0x5178</load_address>
         <run_address>0x5178</run_address>
         <size>0x8</size>
      </object_component>
      <object_component id="oc-625">
         <name>__TI_cinit_table</name>
         <load_address>0x5180</load_address>
         <run_address>0x5180</run_address>
         <size>0x20</size>
      </object_component>
      <object_component id="oc-81">
         <name>.text</name>
         <load_address>0x8020</load_address>
         <run_address>0x8020</run_address>
         <size>0x24f0</size>
         <input_file_ref idref="fl-1f"/>
      </object_component>
      <object_component id="oc-2be">
         <name>.text:__TI_printfi</name>
         <load_address>0xa510</load_address>
         <run_address>0xa510</run_address>
         <size>0xfec</size>
         <input_file_ref idref="fl-103"/>
      </object_component>
      <object_component id="oc-300">
         <name>.text:pow</name>
         <load_address>0xb4fc</load_address>
         <run_address>0xb4fc</run_address>
         <size>0xe7c</size>
         <input_file_ref idref="fl-dd"/>
      </object_component>
      <object_component id="oc-7b">
         <name>.text</name>
         <load_address>0xc378</load_address>
         <run_address>0xc378</run_address>
         <size>0xaa0</size>
         <input_file_ref idref="fl-22"/>
      </object_component>
      <object_component id="oc-13b">
         <name>.text</name>
         <load_address>0xce18</load_address>
         <run_address>0xce18</run_address>
         <size>0xa78</size>
         <input_file_ref idref="fl-5"/>
      </object_component>
      <object_component id="oc-147">
         <name>.text</name>
         <load_address>0xd890</load_address>
         <run_address>0xd890</run_address>
         <size>0x9a0</size>
         <input_file_ref idref="fl-10"/>
      </object_component>
      <object_component id="oc-135">
         <name>.text</name>
         <load_address>0xe230</load_address>
         <run_address>0xe230</run_address>
         <size>0x904</size>
         <input_file_ref idref="fl-a"/>
      </object_component>
      <object_component id="oc-3c">
         <name>.text</name>
         <load_address>0xeb34</load_address>
         <run_address>0xeb34</run_address>
         <size>0x89c</size>
         <input_file_ref idref="fl-21"/>
      </object_component>
      <object_component id="oc-141">
         <name>.text</name>
         <load_address>0xf3d0</load_address>
         <run_address>0xf3d0</run_address>
         <size>0x6e4</size>
         <input_file_ref idref="fl-17"/>
      </object_component>
      <object_component id="oc-6f">
         <name>.text</name>
         <load_address>0xfab4</load_address>
         <run_address>0xfab4</run_address>
         <size>0x664</size>
         <input_file_ref idref="fl-7"/>
      </object_component>
      <object_component id="oc-4ca">
         <name>.text:strtod</name>
         <load_address>0x10118</load_address>
         <run_address>0x10118</run_address>
         <size>0x664</size>
         <input_file_ref idref="fl-100"/>
      </object_component>
      <object_component id="oc-16f">
         <name>.text</name>
         <load_address>0x1077c</load_address>
         <run_address>0x1077c</run_address>
         <size>0x648</size>
         <input_file_ref idref="fl-2"/>
      </object_component>
      <object_component id="oc-87">
         <name>.text</name>
         <load_address>0x10dc4</load_address>
         <run_address>0x10dc4</run_address>
         <size>0x5bc</size>
         <input_file_ref idref="fl-8"/>
      </object_component>
      <object_component id="oc-2e6">
         <name>.text:log</name>
         <load_address>0x11380</load_address>
         <run_address>0x11380</run_address>
         <size>0x58c</size>
         <input_file_ref idref="fl-dc"/>
      </object_component>
      <object_component id="oc-8e">
         <name>.text</name>
         <load_address>0x1190c</load_address>
         <run_address>0x1190c</run_address>
         <size>0x484</size>
         <input_file_ref idref="fl-1a"/>
      </object_component>
      <object_component id="oc-159">
         <name>.text</name>
         <load_address>0x11d90</load_address>
         <run_address>0x11d90</run_address>
         <size>0x420</size>
         <input_file_ref idref="fl-4"/>
      </object_component>
      <object_component id="oc-2a">
         <name>.text:retain</name>
         <load_address>0x121b0</load_address>
         <run_address>0x121b0</run_address>
         <size>0x384</size>
         <input_file_ref idref="fl-17"/>
      </object_component>
      <object_component id="oc-12f">
         <name>.text</name>
         <load_address>0x12534</load_address>
         <run_address>0x12534</run_address>
         <size>0x36c</size>
         <input_file_ref idref="fl-9"/>
      </object_component>
      <object_component id="oc-451">
         <name>.text:_pconv_a</name>
         <load_address>0x128a0</load_address>
         <run_address>0x128a0</run_address>
         <size>0x364</size>
         <input_file_ref idref="fl-103"/>
      </object_component>
      <object_component id="oc-6a">
         <name>.text</name>
         <load_address>0x12c04</load_address>
         <run_address>0x12c04</run_address>
         <size>0x2d0</size>
         <input_file_ref idref="fl-18"/>
      </object_component>
      <object_component id="oc-43f">
         <name>.text:_pconv_g</name>
         <load_address>0x12ed4</load_address>
         <run_address>0x12ed4</run_address>
         <size>0x2c0</size>
         <input_file_ref idref="fl-103"/>
      </object_component>
      <object_component id="oc-536">
         <name>.text</name>
         <load_address>0x13194</load_address>
         <run_address>0x13194</run_address>
         <size>0x2b8</size>
         <input_file_ref idref="fl-105"/>
      </object_component>
      <object_component id="oc-40b">
         <name>.text</name>
         <load_address>0x1344c</load_address>
         <run_address>0x1344c</run_address>
         <size>0x278</size>
         <input_file_ref idref="fl-e"/>
      </object_component>
      <object_component id="oc-3b">
         <name>.text:retain</name>
         <load_address>0x136c4</load_address>
         <run_address>0x136c4</run_address>
         <size>0x268</size>
         <input_file_ref idref="fl-21"/>
      </object_component>
      <object_component id="oc-2a7">
         <name>.text</name>
         <load_address>0x1392c</load_address>
         <run_address>0x1392c</run_address>
         <size>0x238</size>
         <input_file_ref idref="fl-f"/>
      </object_component>
      <object_component id="oc-1b">
         <name>.text:retain</name>
         <load_address>0x13b64</load_address>
         <run_address>0x13b64</run_address>
         <size>0x21c</size>
         <input_file_ref idref="fl-20"/>
      </object_component>
      <object_component id="oc-26d">
         <name>.text</name>
         <load_address>0x13d80</load_address>
         <run_address>0x13d80</run_address>
         <size>0x214</size>
         <input_file_ref idref="fl-e5"/>
      </object_component>
      <object_component id="oc-481">
         <name>.text:sqrt</name>
         <load_address>0x13f94</load_address>
         <run_address>0x13f94</run_address>
         <size>0x1ec</size>
         <input_file_ref idref="fl-de"/>
      </object_component>
      <object_component id="oc-41b">
         <name>.text</name>
         <load_address>0x14180</load_address>
         <run_address>0x14180</run_address>
         <size>0x1b4</size>
         <input_file_ref idref="fl-11"/>
      </object_component>
      <object_component id="oc-44b">
         <name>.text:_pconv_e</name>
         <load_address>0x14334</load_address>
         <run_address>0x14334</run_address>
         <size>0x1b0</size>
         <input_file_ref idref="fl-103"/>
      </object_component>
      <object_component id="oc-550">
         <name>.text:fcvt</name>
         <load_address>0x144e4</load_address>
         <run_address>0x144e4</run_address>
         <size>0x1ac</size>
         <input_file_ref idref="fl-103"/>
      </object_component>
      <object_component id="oc-169">
         <name>.text</name>
         <load_address>0x14690</load_address>
         <run_address>0x14690</run_address>
         <size>0x198</size>
         <input_file_ref idref="fl-3"/>
      </object_component>
      <object_component id="oc-24a">
         <name>.text</name>
         <load_address>0x14828</load_address>
         <run_address>0x14828</run_address>
         <size>0x190</size>
         <input_file_ref idref="fl-e7"/>
      </object_component>
      <object_component id="oc-52">
         <name>.text</name>
         <load_address>0x149b8</load_address>
         <run_address>0x149b8</run_address>
         <size>0x180</size>
         <input_file_ref idref="fl-f3"/>
      </object_component>
      <object_component id="oc-279">
         <name>.text</name>
         <load_address>0x14b38</load_address>
         <run_address>0x14b38</run_address>
         <size>0x164</size>
         <input_file_ref idref="fl-14"/>
      </object_component>
      <object_component id="oc-272">
         <name>.text:floor</name>
         <load_address>0x14c9c</load_address>
         <run_address>0x14c9c</run_address>
         <size>0x158</size>
         <input_file_ref idref="fl-df"/>
      </object_component>
      <object_component id="oc-e9">
         <name>.text</name>
         <load_address>0x14df4</load_address>
         <run_address>0x14df4</run_address>
         <size>0x150</size>
         <input_file_ref idref="fl-16"/>
      </object_component>
      <object_component id="oc-2f6">
         <name>.text</name>
         <load_address>0x14f44</load_address>
         <run_address>0x14f44</run_address>
         <size>0x134</size>
         <input_file_ref idref="fl-ec"/>
      </object_component>
      <object_component id="oc-245">
         <name>.text</name>
         <load_address>0x15078</load_address>
         <run_address>0x15078</run_address>
         <size>0x128</size>
         <input_file_ref idref="fl-e8"/>
      </object_component>
      <object_component id="oc-487">
         <name>.text:scalbn</name>
         <load_address>0x151a0</load_address>
         <run_address>0x151a0</run_address>
         <size>0x128</size>
         <input_file_ref idref="fl-e0"/>
      </object_component>
      <object_component id="oc-434">
         <name>.text:_ltostr</name>
         <load_address>0x152c8</load_address>
         <run_address>0x152c8</run_address>
         <size>0x10d</size>
         <input_file_ref idref="fl-103"/>
      </object_component>
      <object_component id="oc-21">
         <name>.text:retain</name>
         <load_address>0x153d8</load_address>
         <run_address>0x153d8</run_address>
         <size>0xec</size>
         <input_file_ref idref="fl-8"/>
      </object_component>
      <object_component id="oc-ae">
         <name>.text</name>
         <load_address>0x154c4</load_address>
         <run_address>0x154c4</run_address>
         <size>0xe8</size>
         <input_file_ref idref="fl-6"/>
      </object_component>
      <object_component id="oc-43a">
         <name>.text:__aeabi_cdcmple</name>
         <load_address>0x155ac</load_address>
         <run_address>0x155ac</run_address>
         <size>0xe0</size>
         <input_file_ref idref="fl-e6"/>
      </object_component>
      <object_component id="oc-3ee">
         <name>.text:__aeabi_cdrcmple</name>
         <load_address>0x1568c</load_address>
         <run_address>0x1568c</run_address>
         <size>0xe0</size>
         <input_file_ref idref="fl-e6"/>
      </object_component>
      <object_component id="oc-f1">
         <name>.text</name>
         <load_address>0x1576c</load_address>
         <run_address>0x1576c</run_address>
         <size>0xe0</size>
         <input_file_ref idref="fl-1e"/>
      </object_component>
      <object_component id="oc-96">
         <name>.text</name>
         <load_address>0x1584c</load_address>
         <run_address>0x1584c</run_address>
         <size>0xd4</size>
         <input_file_ref idref="fl-b"/>
      </object_component>
      <object_component id="oc-2dc">
         <name>.text</name>
         <load_address>0x15920</load_address>
         <run_address>0x15920</run_address>
         <size>0xd4</size>
         <input_file_ref idref="fl-ee"/>
      </object_component>
      <object_component id="oc-549">
         <name>.text:_mcpy</name>
         <load_address>0x159f4</load_address>
         <run_address>0x159f4</run_address>
         <size>0xc8</size>
         <input_file_ref idref="fl-103"/>
      </object_component>
      <object_component id="oc-db">
         <name>.text</name>
         <load_address>0x15abc</load_address>
         <run_address>0x15abc</run_address>
         <size>0xb0</size>
         <input_file_ref idref="fl-e3"/>
      </object_component>
      <object_component id="oc-2ec">
         <name>.text</name>
         <load_address>0x15b6c</load_address>
         <run_address>0x15b6c</run_address>
         <size>0x9c</size>
         <input_file_ref idref="fl-ea"/>
      </object_component>
      <object_component id="oc-543">
         <name>.text:_ecpy</name>
         <load_address>0x15c08</load_address>
         <run_address>0x15c08</run_address>
         <size>0x94</size>
         <input_file_ref idref="fl-103"/>
      </object_component>
      <object_component id="oc-e">
         <name>.text:decompress:lzss:__TI_decompress_lzss</name>
         <load_address>0x15c9c</load_address>
         <run_address>0x15c9c</run_address>
         <size>0x90</size>
         <input_file_ref idref="fl-f9"/>
      </object_component>
      <object_component id="oc-164">
         <name>.text:__aeabi_cfcmple</name>
         <load_address>0x15d2c</load_address>
         <run_address>0x15d2c</run_address>
         <size>0x88</size>
         <input_file_ref idref="fl-ed"/>
      </object_component>
      <object_component id="oc-15f">
         <name>.text:__aeabi_cfrcmple</name>
         <load_address>0x15db4</load_address>
         <run_address>0x15db4</run_address>
         <size>0x88</size>
         <input_file_ref idref="fl-ed"/>
      </object_component>
      <object_component id="oc-445">
         <name>.text:_pconv_f</name>
         <load_address>0x15e3c</load_address>
         <run_address>0x15e3c</run_address>
         <size>0x84</size>
         <input_file_ref idref="fl-103"/>
      </object_component>
      <object_component id="oc-42e">
         <name>.text:atoi</name>
         <load_address>0x15ec0</load_address>
         <run_address>0x15ec0</run_address>
         <size>0x84</size>
         <input_file_ref idref="fl-106"/>
      </object_component>
      <object_component id="oc-53d">
         <name>.text:ltoa</name>
         <load_address>0x15f44</load_address>
         <run_address>0x15f44</run_address>
         <size>0x80</size>
         <input_file_ref idref="fl-108"/>
      </object_component>
      <object_component id="oc-55e">
         <name>.text:frexp</name>
         <load_address>0x15fc4</load_address>
         <run_address>0x15fc4</run_address>
         <size>0x7c</size>
         <input_file_ref idref="fl-10e"/>
      </object_component>
      <object_component id="oc-ff">
         <name>.text:__TI_auto_init_nobinit_nopinit:__TI_auto_init_nobinit_nopinit</name>
         <load_address>0x16040</load_address>
         <run_address>0x16040</run_address>
         <size>0x68</size>
         <input_file_ref idref="fl-f5"/>
      </object_component>
      <object_component id="oc-33d">
         <name>.text:strtok</name>
         <load_address>0x160a8</load_address>
         <run_address>0x160a8</run_address>
         <size>0x68</size>
         <input_file_ref idref="fl-101"/>
      </object_component>
      <object_component id="oc-556">
         <name>.text:_fcpy</name>
         <load_address>0x16110</load_address>
         <run_address>0x16110</run_address>
         <size>0x64</size>
         <input_file_ref idref="fl-103"/>
      </object_component>
      <object_component id="oc-2e1">
         <name>.text</name>
         <load_address>0x16174</load_address>
         <run_address>0x16174</run_address>
         <size>0x64</size>
         <input_file_ref idref="fl-ef"/>
      </object_component>
      <object_component id="oc-153">
         <name>.text:sprintf</name>
         <load_address>0x161d8</load_address>
         <run_address>0x161d8</run_address>
         <size>0x64</size>
         <input_file_ref idref="fl-e1"/>
      </object_component>
      <object_component id="oc-306">
         <name>.text</name>
         <load_address>0x1623c</load_address>
         <run_address>0x1623c</run_address>
         <size>0x5c</size>
         <input_file_ref idref="fl-e9"/>
      </object_component>
      <object_component id="oc-24f">
         <name>.text</name>
         <load_address>0x16298</load_address>
         <run_address>0x16298</run_address>
         <size>0x5c</size>
         <input_file_ref idref="fl-eb"/>
      </object_component>
      <object_component id="oc-5c2">
         <name>.text</name>
         <load_address>0x162f4</load_address>
         <run_address>0x162f4</run_address>
         <size>0x54</size>
         <input_file_ref idref="fl-10f"/>
      </object_component>
      <object_component id="oc-240">
         <name>.text</name>
         <load_address>0x16348</load_address>
         <run_address>0x16348</run_address>
         <size>0x50</size>
         <input_file_ref idref="fl-e4"/>
      </object_component>
      <object_component id="oc-2f1">
         <name>.text</name>
         <load_address>0x16398</load_address>
         <run_address>0x16398</run_address>
         <size>0x4c</size>
         <input_file_ref idref="fl-f0"/>
      </object_component>
      <object_component id="oc-2d7">
         <name>.text</name>
         <load_address>0x163e4</load_address>
         <run_address>0x163e4</run_address>
         <size>0x4c</size>
         <input_file_ref idref="fl-f2"/>
      </object_component>
      <object_component id="oc-4b5">
         <name>.text:strspn</name>
         <load_address>0x16430</load_address>
         <run_address>0x16430</run_address>
         <size>0x4c</size>
         <input_file_ref idref="fl-10c"/>
      </object_component>
      <object_component id="oc-4bb">
         <name>.text:strcspn</name>
         <load_address>0x1647c</load_address>
         <run_address>0x1647c</run_address>
         <size>0x44</size>
         <input_file_ref idref="fl-10b"/>
      </object_component>
      <object_component id="oc-2fb">
         <name>.text</name>
         <load_address>0x164c0</load_address>
         <run_address>0x164c0</run_address>
         <size>0x3c</size>
         <input_file_ref idref="fl-f1"/>
      </object_component>
      <object_component id="oc-254">
         <name>.text</name>
         <load_address>0x164fc</load_address>
         <run_address>0x164fc</run_address>
         <size>0x34</size>
         <input_file_ref idref="fl-f4"/>
      </object_component>
      <object_component id="oc-2c4">
         <name>.text:_outs</name>
         <load_address>0x16530</load_address>
         <run_address>0x16530</run_address>
         <size>0x30</size>
         <input_file_ref idref="fl-e1"/>
      </object_component>
      <object_component id="oc-457">
         <name>.text:memccpy</name>
         <load_address>0x16560</load_address>
         <run_address>0x16560</run_address>
         <size>0x2c</size>
         <input_file_ref idref="fl-109"/>
      </object_component>
      <object_component id="oc-564">
         <name>.text:strchr</name>
         <load_address>0x1658c</load_address>
         <run_address>0x1658c</run_address>
         <size>0x28</size>
         <input_file_ref idref="fl-10a"/>
      </object_component>
      <object_component id="oc-349">
         <name>.text:strcmp</name>
         <load_address>0x165b4</load_address>
         <run_address>0x165b4</run_address>
         <size>0x28</size>
         <input_file_ref idref="fl-fd"/>
      </object_component>
      <object_component id="oc-45d">
         <name>.text:wcslen</name>
         <load_address>0x165dc</load_address>
         <run_address>0x165dc</run_address>
         <size>0x24</size>
         <input_file_ref idref="fl-10d"/>
      </object_component>
      <object_component id="oc-2b6">
         <name>.text:strlen</name>
         <load_address>0x16600</load_address>
         <run_address>0x16600</run_address>
         <size>0x20</size>
         <input_file_ref idref="fl-ff"/>
      </object_component>
      <object_component id="oc-343">
         <name>.text:strcpy</name>
         <load_address>0x16620</load_address>
         <run_address>0x16620</run_address>
         <size>0x18</size>
         <input_file_ref idref="fl-fe"/>
      </object_component>
      <object_component id="oc-2ca">
         <name>.text:_outc</name>
         <load_address>0x16638</load_address>
         <run_address>0x16638</run_address>
         <size>0x14</size>
         <input_file_ref idref="fl-e1"/>
      </object_component>
      <object_component id="oc-14">
         <name>.text:decompress:none:__TI_decompress_none</name>
         <load_address>0x1664c</load_address>
         <run_address>0x1664c</run_address>
         <size>0x14</size>
         <input_file_ref idref="fl-f8"/>
      </object_component>
      <object_component id="oc-64">
         <name>.text:decompress:ZI:__TI_zero_init</name>
         <load_address>0x16660</load_address>
         <run_address>0x16660</run_address>
         <size>0x10</size>
         <input_file_ref idref="fl-f7"/>
      </object_component>
      <object_component id="oc-463">
         <name>.text:__aeabi_errno_addr</name>
         <load_address>0x16670</load_address>
         <run_address>0x16670</run_address>
         <size>0xc</size>
         <input_file_ref idref="fl-102"/>
      </object_component>
      <object_component id="oc-58c">
         <name>.text:copysign</name>
         <load_address>0x1667c</load_address>
         <run_address>0x1667c</run_address>
         <size>0xc</size>
         <input_file_ref idref="fl-e2"/>
      </object_component>
      <object_component id="oc-191">
         <name>.text:abort:abort</name>
         <load_address>0x16688</load_address>
         <run_address>0x16688</run_address>
         <size>0x8</size>
         <input_file_ref idref="fl-fa"/>
      </object_component>
      <object_component id="oc-34f">
         <name>.text:atof</name>
         <load_address>0x16690</load_address>
         <run_address>0x16690</run_address>
         <size>0x8</size>
         <input_file_ref idref="fl-fc"/>
      </object_component>
      <object_component id="oc-35">
         <name>.text:retain</name>
         <load_address>0x16698</load_address>
         <run_address>0x16698</run_address>
         <size>0x4</size>
         <input_file_ref idref="fl-1d"/>
      </object_component>
      <object_component id="oc-3d9">
         <name>.text</name>
         <load_address>0x1669c</load_address>
         <run_address>0x1669c</run_address>
         <size>0x4</size>
         <input_file_ref idref="fl-104"/>
      </object_component>
      <object_component id="oc-75">
         <name>.text</name>
         <load_address>0x166a0</load_address>
         <run_address>0x166a0</run_address>
         <size>0x4</size>
         <input_file_ref idref="fl-20"/>
      </object_component>
      <object_component id="oc-259">
         <name>.const:het1PROGRAM</name>
         <load_address>0x166a8</load_address>
         <run_address>0x166a8</run_address>
         <size>0x3a0</size>
         <input_file_ref idref="fl-a"/>
      </object_component>
      <object_component id="oc-27">
         <name>.const:s_vim_init</name>
         <load_address>0x16a48</load_address>
         <run_address>0x16a48</run_address>
         <size>0x180</size>
         <input_file_ref idref="fl-21"/>
      </object_component>
      <object_component id="oc-531">
         <name>.const:.string:_ctypes_</name>
         <load_address>0x16bc8</load_address>
         <run_address>0x16bc8</run_address>
         <size>0x101</size>
         <input_file_ref idref="fl-107"/>
      </object_component>
      <object_component id="oc-5ad">
         <name>.const:digits</name>
         <load_address>0x16cd0</load_address>
         <run_address>0x16cd0</run_address>
         <size>0x80</size>
         <input_file_ref idref="fl-100"/>
      </object_component>
      <object_component id="oc-386">
         <name>.const:.string</name>
         <load_address>0x16d50</load_address>
         <run_address>0x16d50</run_address>
         <size>0x5c</size>
         <input_file_ref idref="fl-4"/>
      </object_component>
      <object_component id="oc-5b0">
         <name>.const:powerof10</name>
         <load_address>0x16db0</load_address>
         <run_address>0x16db0</run_address>
         <size>0x48</size>
         <input_file_ref idref="fl-100"/>
      </object_component>
      <object_component id="oc-4e0">
         <name>.const:.string</name>
         <load_address>0x16df8</load_address>
         <run_address>0x16df8</run_address>
         <size>0x24</size>
         <input_file_ref idref="fl-2"/>
      </object_component>
      <object_component id="oc-337">
         <name>.const:s_het1pwmPolarity</name>
         <load_address>0x16e1c</load_address>
         <run_address>0x16e1c</run_address>
         <size>0x20</size>
         <input_file_ref idref="fl-3"/>
      </object_component>
      <object_component id="oc-25c">
         <name>.const:s_het1pwmPolarity</name>
         <load_address>0x16e3c</load_address>
         <run_address>0x16e3c</run_address>
         <size>0x20</size>
         <input_file_ref idref="fl-a"/>
      </object_component>
      <object_component id="oc-188">
         <name>.const:$P$T1$2</name>
         <load_address>0x16e5c</load_address>
         <run_address>0x16e5c</run_address>
         <size>0x10</size>
         <input_file_ref idref="fl-1a"/>
      </object_component>
      <object_component id="oc-48d">
         <name>.const:bp</name>
         <load_address>0x16e70</load_address>
         <run_address>0x16e70</run_address>
         <size>0x10</size>
         <input_file_ref idref="fl-dd"/>
      </object_component>
      <object_component id="oc-490">
         <name>.const:dp_h</name>
         <load_address>0x16e80</load_address>
         <run_address>0x16e80</run_address>
         <size>0x10</size>
         <input_file_ref idref="fl-dd"/>
      </object_component>
      <object_component id="oc-493">
         <name>.const:dp_l</name>
         <load_address>0x16e90</load_address>
         <run_address>0x16e90</run_address>
         <size>0x10</size>
         <input_file_ref idref="fl-dd"/>
      </object_component>
      <object_component id="oc-185">
         <name>.const:$P$T0$1</name>
         <load_address>0x16ea0</load_address>
         <run_address>0x16ea0</run_address>
         <size>0xc</size>
         <input_file_ref idref="fl-1a"/>
      </object_component>
      <object_component id="oc-266">
         <name>.const:s_adcFiFoSize</name>
         <load_address>0x16eac</load_address>
         <run_address>0x16eac</run_address>
         <size>0xc</size>
         <input_file_ref idref="fl-5"/>
      </object_component>
      <object_component id="oc-269">
         <name>.const:s_adcSelect</name>
         <load_address>0x16eb8</load_address>
         <run_address>0x16eb8</run_address>
         <size>0xc</size>
         <input_file_ref idref="fl-5"/>
      </object_component>
      <object_component id="oc-1a4">
         <name>.kernelBSS:init</name>
         <load_address>0x80008d0</load_address>
         <run_address>0x80008d0</run_address>
         <size>0x34</size>
         <input_file_ref idref="fl-14"/>
      </object_component>
      <object_component id="oc-2b3">
         <name>.kernelBSS:uninit</name>
         <load_address>0x8000800</load_address>
         <run_address>0x8000800</run_address>
         <size>0xd0</size>
         <input_file_ref idref="fl-14"/>
      </object_component>
      <object_component id="oc-51b">
         <name>.kernelHEAP</name>
         <uninitialized>true</uninitialized>
         <run_address>0x8001000</run_address>
         <size>0x2000</size>
         <input_file_ref idref="fl-e"/>
      </object_component>
      <object_component id="oc-414">
         <name>.bss:xStart</name>
         <uninitialized>true</uninitialized>
         <run_address>0x8003848</run_address>
         <size>0x8</size>
         <input_file_ref idref="fl-e"/>
      </object_component>
      <object_component id="oc-aa">
         <name>.bss:g_sciTransfer_t</name>
         <uninitialized>true</uninitialized>
         <run_address>0x8003800</run_address>
         <size>0x14</size>
         <input_file_ref idref="fl-17"/>
      </object_component>
      <object_component id="oc-175">
         <name>.bss:receivedData</name>
         <uninitialized>true</uninitialized>
         <run_address>0x8003814</run_address>
         <size>0x14</size>
         <input_file_ref idref="fl-1a"/>
      </object_component>
      <object_component id="oc-184">
         <name>.common:SERVO_PAYLOAD</name>
         <uninitialized>true</uninitialized>
         <run_address>0x8003838</run_address>
         <size>0x10</size>
      </object_component>
      <object_component id="oc-178">
         <name>.common:xWTStartHandle</name>
         <uninitialized>true</uninitialized>
         <run_address>0x8003854</run_address>
         <size>0x4</size>
      </object_component>
      <object_component id="oc-17f">
         <name>.common:xTelemetryHandle</name>
         <uninitialized>true</uninitialized>
         <run_address>0x8003850</run_address>
         <size>0x4</size>
      </object_component>
      <object_component id="oc-183">
         <name>.common:command</name>
         <uninitialized>true</uninitialized>
         <run_address>0x8003000</run_address>
         <size>0x800</size>
      </object_component>
      <object_component id="oc-355">
         <name>.common:CMD_KEY</name>
         <uninitialized>true</uninitialized>
         <run_address>0x8003828</run_address>
         <size>0x10</size>
      </object_component>
      <object_component id="oc-36b">
         <name>.data:commands</name>
         <load_address>0x80038a0</load_address>
         <run_address>0x80038a0</run_address>
         <size>0x18</size>
         <input_file_ref idref="fl-2"/>
      </object_component>
      <object_component id="oc-356">
         <name>.data</name>
         <load_address>0x80038c8</load_address>
         <run_address>0x80038c8</run_address>
         <size>0xc</size>
         <input_file_ref idref="fl-2"/>
      </object_component>
      <object_component id="oc-180">
         <name>.data</name>
         <load_address>0x8003858</load_address>
         <run_address>0x8003858</run_address>
         <size>0x30</size>
         <input_file_ref idref="fl-4"/>
      </object_component>
      <object_component id="oc-30b">
         <name>.data:cPACKET_COUNT</name>
         <load_address>0x80038ec</load_address>
         <run_address>0x80038ec</run_address>
         <size>0x6</size>
         <input_file_ref idref="fl-4"/>
      </object_component>
      <object_component id="oc-31a">
         <name>.data:FSW_STATE</name>
         <load_address>0x8003888</load_address>
         <run_address>0x8003888</run_address>
         <size>0x18</size>
         <input_file_ref idref="fl-4"/>
      </object_component>
      <object_component id="oc-30e">
         <name>.data:cSP1_PC</name>
         <load_address>0x80038f2</load_address>
         <run_address>0x80038f2</run_address>
         <size>0x6</size>
         <input_file_ref idref="fl-4"/>
      </object_component>
      <object_component id="oc-311">
         <name>.data:cSP2_PC</name>
         <load_address>0x80038f8</load_address>
         <run_address>0x80038f8</run_address>
         <size>0x6</size>
         <input_file_ref idref="fl-4"/>
      </object_component>
      <object_component id="oc-314">
         <name>.data:cALTITUDE_BAR</name>
         <load_address>0x80038d4</load_address>
         <run_address>0x80038d4</run_address>
         <size>0x8</size>
         <input_file_ref idref="fl-4"/>
      </object_component>
      <object_component id="oc-317">
         <name>.data:cTEMPERATURE</name>
         <load_address>0x80038dc</load_address>
         <run_address>0x80038dc</run_address>
         <size>0x8</size>
         <input_file_ref idref="fl-4"/>
      </object_component>
      <object_component id="oc-31d">
         <name>.data:SP1_MISSION_TIME</name>
         <load_address>0x8003902</load_address>
         <run_address>0x8003902</run_address>
         <size>0x4</size>
         <input_file_ref idref="fl-4"/>
      </object_component>
      <object_component id="oc-320">
         <name>.data:SP1_PACKET_COUNT</name>
         <load_address>0x8003906</load_address>
         <run_address>0x8003906</run_address>
         <size>0x4</size>
         <input_file_ref idref="fl-4"/>
      </object_component>
      <object_component id="oc-323">
         <name>.data:SP1_PACKET_TYPE</name>
         <load_address>0x800390a</load_address>
         <run_address>0x800390a</run_address>
         <size>0x4</size>
         <input_file_ref idref="fl-4"/>
      </object_component>
      <object_component id="oc-326">
         <name>.data:SP1_ALTITUDE</name>
         <load_address>0x80038fe</load_address>
         <run_address>0x80038fe</run_address>
         <size>0x4</size>
         <input_file_ref idref="fl-4"/>
      </object_component>
      <object_component id="oc-329">
         <name>.data:SP1_TEMPERATURE</name>
         <load_address>0x8003912</load_address>
         <run_address>0x8003912</run_address>
         <size>0x4</size>
         <input_file_ref idref="fl-4"/>
      </object_component>
      <object_component id="oc-32c">
         <name>.data:SP1_ROTATION_RATE</name>
         <load_address>0x800390e</load_address>
         <run_address>0x800390e</run_address>
         <size>0x4</size>
         <input_file_ref idref="fl-4"/>
      </object_component>
      <object_component id="oc-359">
         <name>.data:SP2_MISSION_TIME</name>
         <load_address>0x800391a</load_address>
         <run_address>0x800391a</run_address>
         <size>0x4</size>
         <input_file_ref idref="fl-4"/>
      </object_component>
      <object_component id="oc-35c">
         <name>.data:SP2_PACKET_COUNT</name>
         <load_address>0x800391e</load_address>
         <run_address>0x800391e</run_address>
         <size>0x4</size>
         <input_file_ref idref="fl-4"/>
      </object_component>
      <object_component id="oc-35f">
         <name>.data:SP2_PACKET_TYPE</name>
         <load_address>0x8003922</load_address>
         <run_address>0x8003922</run_address>
         <size>0x4</size>
         <input_file_ref idref="fl-4"/>
      </object_component>
      <object_component id="oc-362">
         <name>.data:SP2_ALTITUDE</name>
         <load_address>0x8003916</load_address>
         <run_address>0x8003916</run_address>
         <size>0x4</size>
         <input_file_ref idref="fl-4"/>
      </object_component>
      <object_component id="oc-365">
         <name>.data:SP2_TEMPERATURE</name>
         <load_address>0x800392a</load_address>
         <run_address>0x800392a</run_address>
         <size>0x4</size>
         <input_file_ref idref="fl-4"/>
      </object_component>
      <object_component id="oc-368">
         <name>.data:SP2_ROTATION_RATE</name>
         <load_address>0x8003926</load_address>
         <run_address>0x8003926</run_address>
         <size>0x4</size>
         <input_file_ref idref="fl-4"/>
      </object_component>
      <object_component id="oc-411">
         <name>.data</name>
         <load_address>0x80038b8</load_address>
         <run_address>0x80038b8</run_address>
         <size>0x10</size>
         <input_file_ref idref="fl-e"/>
      </object_component>
      <object_component id="oc-1a7">
         <name>.data</name>
         <load_address>0x80038e4</load_address>
         <run_address>0x80038e4</run_address>
         <size>0x8</size>
         <input_file_ref idref="fl-11"/>
      </object_component>
      <object_component id="oc-4c1">
         <name>.data</name>
         <load_address>0x8003934</load_address>
         <run_address>0x8003934</run_address>
         <size>0x4</size>
         <input_file_ref idref="fl-101"/>
      </object_component>
      <object_component id="oc-574">
         <name>.data</name>
         <load_address>0x8003930</load_address>
         <run_address>0x8003930</run_address>
         <size>0x4</size>
         <input_file_ref idref="fl-102"/>
      </object_component>
      <object_component id="oc-179">
         <name>.debug_info</name>
         <load_address>0x0</load_address>
         <run_address>0x0</run_address>
         <size>0x6f5</size>
         <input_file_ref idref="fl-2"/>
      </object_component>
      <object_component id="oc-36c">
         <name>.debug_info</name>
         <load_address>0x6f5</load_address>
         <run_address>0x6f5</run_address>
         <size>0xe6</size>
         <input_file_ref idref="fl-2"/>
      </object_component>
      <object_component id="oc-357">
         <name>.debug_info</name>
         <load_address>0x7db</load_address>
         <run_address>0x7db</run_address>
         <size>0x12a</size>
         <input_file_ref idref="fl-2"/>
      </object_component>
      <object_component id="oc-170">
         <name>.debug_info</name>
         <load_address>0x905</load_address>
         <run_address>0x905</run_address>
         <size>0x94b</size>
         <input_file_ref idref="fl-2"/>
      </object_component>
      <object_component id="oc-292">
         <name>.debug_info</name>
         <load_address>0x1250</load_address>
         <run_address>0x1250</run_address>
         <size>0x30c</size>
         <input_file_ref idref="fl-2"/>
      </object_component>
      <object_component id="oc-1ad">
         <name>.debug_info</name>
         <load_address>0x155c</load_address>
         <run_address>0x155c</run_address>
         <size>0x26b</size>
         <input_file_ref idref="fl-2"/>
      </object_component>
      <object_component id="oc-9d">
         <name>.debug_info</name>
         <load_address>0x17c7</load_address>
         <run_address>0x17c7</run_address>
         <size>0x157</size>
         <input_file_ref idref="fl-2"/>
      </object_component>
      <object_component id="oc-1ee">
         <name>.debug_info</name>
         <load_address>0x191e</load_address>
         <run_address>0x191e</run_address>
         <size>0x791</size>
         <input_file_ref idref="fl-2"/>
      </object_component>
      <object_component id="oc-37d">
         <name>.debug_info</name>
         <load_address>0x20af</load_address>
         <run_address>0x20af</run_address>
         <size>0x379</size>
         <input_file_ref idref="fl-2"/>
      </object_component>
      <object_component id="oc-18c">
         <name>.debug_info</name>
         <load_address>0x2428</load_address>
         <run_address>0x2428</run_address>
         <size>0xe1</size>
         <input_file_ref idref="fl-2"/>
      </object_component>
      <object_component id="oc-bb">
         <name>.debug_info</name>
         <load_address>0x2509</load_address>
         <run_address>0x2509</run_address>
         <size>0x8b</size>
         <input_file_ref idref="fl-2"/>
      </object_component>
      <object_component id="oc-28c">
         <name>.debug_info</name>
         <load_address>0x2594</load_address>
         <run_address>0x2594</run_address>
         <size>0x2c</size>
         <input_file_ref idref="fl-2"/>
      </object_component>
      <object_component id="oc-399">
         <name>.debug_info</name>
         <load_address>0x25c0</load_address>
         <run_address>0x25c0</run_address>
         <size>0x297</size>
         <input_file_ref idref="fl-2"/>
      </object_component>
      <object_component id="oc-19f">
         <name>.debug_info</name>
         <load_address>0x2857</load_address>
         <run_address>0x2857</run_address>
         <size>0xbb</size>
         <input_file_ref idref="fl-2"/>
      </object_component>
      <object_component id="oc-330">
         <name>.debug_info</name>
         <load_address>0x2912</load_address>
         <run_address>0x2912</run_address>
         <size>0x53</size>
         <input_file_ref idref="fl-2"/>
      </object_component>
      <object_component id="oc-c0">
         <name>.debug_info</name>
         <load_address>0x2965</load_address>
         <run_address>0x2965</run_address>
         <size>0x86</size>
         <input_file_ref idref="fl-2"/>
      </object_component>
      <object_component id="oc-2d2">
         <name>.debug_info</name>
         <load_address>0x29eb</load_address>
         <run_address>0x29eb</run_address>
         <size>0x2c</size>
         <input_file_ref idref="fl-2"/>
      </object_component>
      <object_component id="oc-3b0">
         <name>.debug_info</name>
         <load_address>0x2a17</load_address>
         <run_address>0x2a17</run_address>
         <size>0x273</size>
         <input_file_ref idref="fl-2"/>
      </object_component>
      <object_component id="oc-1bc">
         <name>.debug_info</name>
         <load_address>0x2c8a</load_address>
         <run_address>0x2c8a</run_address>
         <size>0x1f9</size>
         <input_file_ref idref="fl-2"/>
      </object_component>
      <object_component id="oc-207">
         <name>.debug_info</name>
         <load_address>0x2e83</load_address>
         <run_address>0x2e83</run_address>
         <size>0x3d3</size>
         <input_file_ref idref="fl-2"/>
      </object_component>
      <object_component id="oc-261">
         <name>.debug_info</name>
         <load_address>0x3256</load_address>
         <run_address>0x3256</run_address>
         <size>0x2e3</size>
         <input_file_ref idref="fl-2"/>
      </object_component>
      <object_component id="oc-373">
         <name>.debug_info</name>
         <load_address>0x3539</load_address>
         <run_address>0x3539</run_address>
         <size>0x243</size>
         <input_file_ref idref="fl-2"/>
      </object_component>
      <object_component id="oc-3a9">
         <name>.debug_info</name>
         <load_address>0x377c</load_address>
         <run_address>0x377c</run_address>
         <size>0x18e</size>
         <input_file_ref idref="fl-2"/>
      </object_component>
      <object_component id="oc-378">
         <name>.debug_info</name>
         <load_address>0x390a</load_address>
         <run_address>0x390a</run_address>
         <size>0x14c</size>
         <input_file_ref idref="fl-2"/>
      </object_component>
      <object_component id="oc-33b">
         <name>.debug_info</name>
         <load_address>0x3a56</load_address>
         <run_address>0x3a56</run_address>
         <size>0x1ad</size>
         <input_file_ref idref="fl-3"/>
      </object_component>
      <object_component id="oc-338">
         <name>.debug_info</name>
         <load_address>0x3c03</load_address>
         <run_address>0x3c03</run_address>
         <size>0xf2</size>
         <input_file_ref idref="fl-3"/>
      </object_component>
      <object_component id="oc-16a">
         <name>.debug_info</name>
         <load_address>0x3cf5</load_address>
         <run_address>0x3cf5</run_address>
         <size>0x24b</size>
         <input_file_ref idref="fl-3"/>
      </object_component>
      <object_component id="oc-1e1">
         <name>.debug_info</name>
         <load_address>0x3f40</load_address>
         <run_address>0x3f40</run_address>
         <size>0x2c</size>
         <input_file_ref idref="fl-3"/>
      </object_component>
      <object_component id="oc-1b2">
         <name>.debug_info</name>
         <load_address>0x3f6c</load_address>
         <run_address>0x3f6c</run_address>
         <size>0x1de</size>
         <input_file_ref idref="fl-3"/>
      </object_component>
      <object_component id="oc-f9">
         <name>.debug_info</name>
         <load_address>0x414a</load_address>
         <run_address>0x414a</run_address>
         <size>0x129</size>
         <input_file_ref idref="fl-3"/>
      </object_component>
      <object_component id="oc-17b">
         <name>.debug_info</name>
         <load_address>0x4273</load_address>
         <run_address>0x4273</run_address>
         <size>0x51b</size>
         <input_file_ref idref="fl-4"/>
      </object_component>
      <object_component id="oc-181">
         <name>.debug_info</name>
         <load_address>0x478e</load_address>
         <run_address>0x478e</run_address>
         <size>0x2fb</size>
         <input_file_ref idref="fl-4"/>
      </object_component>
      <object_component id="oc-30c">
         <name>.debug_info</name>
         <load_address>0x4a89</load_address>
         <run_address>0x4a89</run_address>
         <size>0xf1</size>
         <input_file_ref idref="fl-4"/>
      </object_component>
      <object_component id="oc-31b">
         <name>.debug_info</name>
         <load_address>0x4b7a</load_address>
         <run_address>0x4b7a</run_address>
         <size>0xe9</size>
         <input_file_ref idref="fl-4"/>
      </object_component>
      <object_component id="oc-30f">
         <name>.debug_info</name>
         <load_address>0x4c63</load_address>
         <run_address>0x4c63</run_address>
         <size>0xe5</size>
         <input_file_ref idref="fl-4"/>
      </object_component>
      <object_component id="oc-312">
         <name>.debug_info</name>
         <load_address>0x4d48</load_address>
         <run_address>0x4d48</run_address>
         <size>0xe5</size>
         <input_file_ref idref="fl-4"/>
      </object_component>
      <object_component id="oc-315">
         <name>.debug_info</name>
         <load_address>0x4e2d</load_address>
         <run_address>0x4e2d</run_address>
         <size>0xf1</size>
         <input_file_ref idref="fl-4"/>
      </object_component>
      <object_component id="oc-318">
         <name>.debug_info</name>
         <load_address>0x4f1e</load_address>
         <run_address>0x4f1e</run_address>
         <size>0xef</size>
         <input_file_ref idref="fl-4"/>
      </object_component>
      <object_component id="oc-31e">
         <name>.debug_info</name>
         <load_address>0x500d</load_address>
         <run_address>0x500d</run_address>
         <size>0xf7</size>
         <input_file_ref idref="fl-4"/>
      </object_component>
      <object_component id="oc-321">
         <name>.debug_info</name>
         <load_address>0x5104</load_address>
         <run_address>0x5104</run_address>
         <size>0xf7</size>
         <input_file_ref idref="fl-4"/>
      </object_component>
      <object_component id="oc-324">
         <name>.debug_info</name>
         <load_address>0x51fb</load_address>
         <run_address>0x51fb</run_address>
         <size>0xf5</size>
         <input_file_ref idref="fl-4"/>
      </object_component>
      <object_component id="oc-327">
         <name>.debug_info</name>
         <load_address>0x52f0</load_address>
         <run_address>0x52f0</run_address>
         <size>0xef</size>
         <input_file_ref idref="fl-4"/>
      </object_component>
      <object_component id="oc-32a">
         <name>.debug_info</name>
         <load_address>0x53df</load_address>
         <run_address>0x53df</run_address>
         <size>0xf5</size>
         <input_file_ref idref="fl-4"/>
      </object_component>
      <object_component id="oc-32d">
         <name>.debug_info</name>
         <load_address>0x54d4</load_address>
         <run_address>0x54d4</run_address>
         <size>0xf9</size>
         <input_file_ref idref="fl-4"/>
      </object_component>
      <object_component id="oc-35a">
         <name>.debug_info</name>
         <load_address>0x55cd</load_address>
         <run_address>0x55cd</run_address>
         <size>0xf7</size>
         <input_file_ref idref="fl-4"/>
      </object_component>
      <object_component id="oc-35d">
         <name>.debug_info</name>
         <load_address>0x56c4</load_address>
         <run_address>0x56c4</run_address>
         <size>0xf7</size>
         <input_file_ref idref="fl-4"/>
      </object_component>
      <object_component id="oc-360">
         <name>.debug_info</name>
         <load_address>0x57bb</load_address>
         <run_address>0x57bb</run_address>
         <size>0xf5</size>
         <input_file_ref idref="fl-4"/>
      </object_component>
      <object_component id="oc-363">
         <name>.debug_info</name>
         <load_address>0x58b0</load_address>
         <run_address>0x58b0</run_address>
         <size>0xef</size>
         <input_file_ref idref="fl-4"/>
      </object_component>
      <object_component id="oc-366">
         <name>.debug_info</name>
         <load_address>0x599f</load_address>
         <run_address>0x599f</run_address>
         <size>0xf5</size>
         <input_file_ref idref="fl-4"/>
      </object_component>
      <object_component id="oc-369">
         <name>.debug_info</name>
         <load_address>0x5a94</load_address>
         <run_address>0x5a94</run_address>
         <size>0xf9</size>
         <input_file_ref idref="fl-4"/>
      </object_component>
      <object_component id="oc-15a">
         <name>.debug_info</name>
         <load_address>0x5b8d</load_address>
         <run_address>0x5b8d</run_address>
         <size>0x76e</size>
         <input_file_ref idref="fl-4"/>
      </object_component>
      <object_component id="oc-1d9">
         <name>.debug_info</name>
         <load_address>0x62fb</load_address>
         <run_address>0x62fb</run_address>
         <size>0x1d9</size>
         <input_file_ref idref="fl-5"/>
      </object_component>
      <object_component id="oc-26a">
         <name>.debug_info</name>
         <load_address>0x64d4</load_address>
         <run_address>0x64d4</run_address>
         <size>0xda</size>
         <input_file_ref idref="fl-5"/>
      </object_component>
      <object_component id="oc-267">
         <name>.debug_info</name>
         <load_address>0x65ae</load_address>
         <run_address>0x65ae</run_address>
         <size>0xdf</size>
         <input_file_ref idref="fl-5"/>
      </object_component>
      <object_component id="oc-13c">
         <name>.debug_info</name>
         <load_address>0x668d</load_address>
         <run_address>0x668d</run_address>
         <size>0xb2f</size>
         <input_file_ref idref="fl-5"/>
      </object_component>
      <object_component id="oc-b6">
         <name>.debug_info</name>
         <load_address>0x71bc</load_address>
         <run_address>0x71bc</run_address>
         <size>0x18c</size>
         <input_file_ref idref="fl-5"/>
      </object_component>
      <object_component id="oc-1cb">
         <name>.debug_info</name>
         <load_address>0x7348</load_address>
         <run_address>0x7348</run_address>
         <size>0x2cf</size>
         <input_file_ref idref="fl-5"/>
      </object_component>
      <object_component id="oc-b1">
         <name>.debug_info</name>
         <load_address>0x7617</load_address>
         <run_address>0x7617</run_address>
         <size>0xf7</size>
         <input_file_ref idref="fl-6"/>
      </object_component>
      <object_component id="oc-1e9">
         <name>.debug_info</name>
         <load_address>0x770e</load_address>
         <run_address>0x770e</run_address>
         <size>0x188</size>
         <input_file_ref idref="fl-7"/>
      </object_component>
      <object_component id="oc-73">
         <name>.debug_info</name>
         <load_address>0x7896</load_address>
         <run_address>0x7896</run_address>
         <size>0x637</size>
         <input_file_ref idref="fl-7"/>
      </object_component>
      <object_component id="oc-4d">
         <name>.debug_info</name>
         <load_address>0x7ecd</load_address>
         <run_address>0x7ecd</run_address>
         <size>0x84</size>
         <input_file_ref idref="fl-7"/>
      </object_component>
      <object_component id="oc-e3">
         <name>.debug_info</name>
         <load_address>0x7f51</load_address>
         <run_address>0x7f51</run_address>
         <size>0x9e7</size>
         <input_file_ref idref="fl-7"/>
      </object_component>
      <object_component id="oc-fe">
         <name>.debug_info</name>
         <load_address>0x8938</load_address>
         <run_address>0x8938</run_address>
         <size>0x1e0</size>
         <input_file_ref idref="fl-8"/>
      </object_component>
      <object_component id="oc-8a">
         <name>.debug_info</name>
         <load_address>0x8b18</load_address>
         <run_address>0x8b18</run_address>
         <size>0xb23</size>
         <input_file_ref idref="fl-8"/>
      </object_component>
      <object_component id="oc-24">
         <name>.debug_info</name>
         <load_address>0x963b</load_address>
         <run_address>0x963b</run_address>
         <size>0x183</size>
         <input_file_ref idref="fl-8"/>
      </object_component>
      <object_component id="oc-23f">
         <name>.debug_info</name>
         <load_address>0x97be</load_address>
         <run_address>0x97be</run_address>
         <size>0x163</size>
         <input_file_ref idref="fl-9"/>
      </object_component>
      <object_component id="oc-132">
         <name>.debug_info</name>
         <load_address>0x9921</load_address>
         <run_address>0x9921</run_address>
         <size>0x6d0</size>
         <input_file_ref idref="fl-9"/>
      </object_component>
      <object_component id="oc-3d4">
         <name>.debug_info</name>
         <load_address>0x9ff1</load_address>
         <run_address>0x9ff1</run_address>
         <size>0xda</size>
         <input_file_ref idref="fl-9"/>
      </object_component>
      <object_component id="oc-260">
         <name>.debug_info</name>
         <load_address>0xa0cb</load_address>
         <run_address>0xa0cb</run_address>
         <size>0x1b9</size>
         <input_file_ref idref="fl-a"/>
      </object_component>
      <object_component id="oc-25d">
         <name>.debug_info</name>
         <load_address>0xa284</load_address>
         <run_address>0xa284</run_address>
         <size>0xe6</size>
         <input_file_ref idref="fl-a"/>
      </object_component>
      <object_component id="oc-25a">
         <name>.debug_info</name>
         <load_address>0xa36a</load_address>
         <run_address>0xa36a</run_address>
         <size>0xda</size>
         <input_file_ref idref="fl-a"/>
      </object_component>
      <object_component id="oc-136">
         <name>.debug_info</name>
         <load_address>0xa444</load_address>
         <run_address>0xa444</run_address>
         <size>0xe94</size>
         <input_file_ref idref="fl-a"/>
      </object_component>
      <object_component id="oc-19e">
         <name>.debug_info</name>
         <load_address>0xb2d8</load_address>
         <run_address>0xb2d8</run_address>
         <size>0x31d</size>
         <input_file_ref idref="fl-b"/>
      </object_component>
      <object_component id="oc-99">
         <name>.debug_info</name>
         <load_address>0xb5f5</load_address>
         <run_address>0xb5f5</run_address>
         <size>0x95e</size>
         <input_file_ref idref="fl-b"/>
      </object_component>
      <object_component id="oc-1f3">
         <name>.debug_info</name>
         <load_address>0xbf53</load_address>
         <run_address>0xbf53</run_address>
         <size>0x4de</size>
         <input_file_ref idref="fl-b"/>
      </object_component>
      <object_component id="oc-1f8">
         <name>.debug_info</name>
         <load_address>0xc431</load_address>
         <run_address>0xc431</run_address>
         <size>0x3ce</size>
         <input_file_ref idref="fl-b"/>
      </object_component>
      <object_component id="oc-1fd">
         <name>.debug_info</name>
         <load_address>0xc7ff</load_address>
         <run_address>0xc7ff</run_address>
         <size>0x437</size>
         <input_file_ref idref="fl-b"/>
      </object_component>
      <object_component id="oc-228">
         <name>.debug_info</name>
         <load_address>0xcc36</load_address>
         <run_address>0xcc36</run_address>
         <size>0x37b</size>
         <input_file_ref idref="fl-b"/>
      </object_component>
      <object_component id="oc-202">
         <name>.debug_info</name>
         <load_address>0xcfb1</load_address>
         <run_address>0xcfb1</run_address>
         <size>0x1ca</size>
         <input_file_ref idref="fl-b"/>
      </object_component>
      <object_component id="oc-1b7">
         <name>.debug_info</name>
         <load_address>0xd17b</load_address>
         <run_address>0xd17b</run_address>
         <size>0x435</size>
         <input_file_ref idref="fl-b"/>
      </object_component>
      <object_component id="oc-21b">
         <name>.debug_info</name>
         <load_address>0xd5b0</load_address>
         <run_address>0xd5b0</run_address>
         <size>0x510</size>
         <input_file_ref idref="fl-b"/>
      </object_component>
      <object_component id="oc-211">
         <name>.debug_info</name>
         <load_address>0xdac0</load_address>
         <run_address>0xdac0</run_address>
         <size>0x1de</size>
         <input_file_ref idref="fl-b"/>
      </object_component>
      <object_component id="oc-220">
         <name>.debug_info</name>
         <load_address>0xdc9e</load_address>
         <run_address>0xdc9e</run_address>
         <size>0x17a</size>
         <input_file_ref idref="fl-b"/>
      </object_component>
      <object_component id="oc-1c1">
         <name>.debug_info</name>
[...]
         <name>checkPLL1Slip</name>
         <value>0x9880</value>
         <object_component_ref idref="oc-81"/>
      </symbol>
      <symbol id="sm-c39">
         <name>mibspi1ParityCheck</name>
         <value>0x9260</value>
         <object_component_ref idref="oc-81"/>
      </symbol>
      <symbol id="sm-c3a">
         <name>ccmr4GetConfigValue</name>
         <value>0xa034</value>
         <object_component_ref idref="oc-81"/>
      </symbol>
      <symbol id="sm-c3b">
         <name>pbistPortTestStatus</name>
         <value>0x8608</value>
         <object_component_ref idref="oc-81"/>
      </symbol>
      <symbol id="sm-c3c">
         <name>checkFlashEEPROMECC</name>
         <value>0x96d8</value>
         <object_component_ref idref="oc-81"/>
      </symbol>
      <symbol id="sm-c3d">
         <name>pbistGetConfigValue</name>
         <value>0x9db0</value>
         <object_component_ref idref="oc-81"/>
      </symbol>
      <symbol id="sm-c3e">
         <name>vimParityCheck</name>
         <value>0x8e00</value>
         <object_component_ref idref="oc-81"/>
      </symbol>
      <symbol id="sm-c3f">
         <name>pbistIsTestCompleted</name>
         <value>0x85a8</value>
         <object_component_ref idref="oc-81"/>
      </symbol>
      <symbol id="sm-c40">
         <name>disableParity</name>
         <value>0xa424</value>
         <object_component_ref idref="oc-81"/>
      </symbol>
      <symbol id="sm-c41">
         <name>pbistRun</name>
         <value>0x84ac</value>
         <object_component_ref idref="oc-81"/>
      </symbol>
      <symbol id="sm-c42">
         <name>pbistFail</name>
         <value>0x9d2c</value>
         <object_component_ref idref="oc-81"/>
      </symbol>
      <symbol id="sm-c43">
         <name>selftestFailNotification</name>
         <value>0x8020</value>
         <object_component_ref idref="oc-81"/>
      </symbol>
      <symbol id="sm-c44">
         <name>errata_PBIST_4</name>
         <value>0xa0b0</value>
         <object_component_ref idref="oc-81"/>
      </symbol>
      <symbol id="sm-c45">
         <name>efcSelfTest</name>
         <value>0x8794</value>
         <object_component_ref idref="oc-81"/>
      </symbol>
      <symbol id="sm-c46">
         <name>checkB1RAMECC</name>
         <value>0x8b28</value>
         <object_component_ref idref="oc-81"/>
      </symbol>
      <symbol id="sm-c47">
         <name>pbistStop</name>
         <value>0x8578</value>
         <object_component_ref idref="oc-81"/>
      </symbol>
      <symbol id="sm-c48">
         <name>checkRAMAddrParity</name>
         <value>0x999c</value>
         <object_component_ref idref="oc-81"/>
      </symbol>
      <symbol id="sm-c49">
         <name>checkB0RAMECC</name>
         <value>0x8938</value>
         <object_component_ref idref="oc-81"/>
      </symbol>
      <symbol id="sm-c4a">
         <name>stcGetConfigValue</name>
         <value>0x9ef8</value>
         <object_component_ref idref="oc-81"/>
      </symbol>
      <symbol id="sm-c4b">
         <name>pbistIsTestPassed</name>
         <value>0x85d4</value>
         <object_component_ref idref="oc-81"/>
      </symbol>
      <symbol id="sm-c4c">
         <name>checkClockMonitor</name>
         <value>0x9604</value>
         <object_component_ref idref="oc-81"/>
      </symbol>
      <symbol id="sm-c4d">
         <name>fmcECCcheck</name>
         <value>0x8898</value>
         <object_component_ref idref="oc-81"/>
      </symbol>
      <symbol id="sm-c4e">
         <name>fmcBus2Check</name>
         <value>0x885c</value>
         <object_component_ref idref="oc-81"/>
      </symbol>
      <symbol id="sm-c4f">
         <name>checkRAMUERRTest</name>
         <value>0x9aa4</value>
         <object_component_ref idref="oc-81"/>
      </symbol>
      <symbol id="sm-c50">
         <name>efcStuckZeroTest</name>
         <value>0x86e8</value>
         <object_component_ref idref="oc-81"/>
      </symbol>
      <symbol id="sm-c79">
         <name>_c_int00</name>
         <value>0x13b64</value>
         <object_component_ref idref="oc-1b"/>
      </symbol>
      <symbol id="sm-c7a">
         <name>handlePLLLockFail</name>
         <value>0x166a0</value>
         <object_component_ref idref="oc-75"/>
      </symbol>
      <symbol id="sm-d12">
         <name>vimChannelMap</name>
         <value>0xec08</value>
         <object_component_ref idref="oc-3c"/>
      </symbol>
      <symbol id="sm-d13">
         <name>vimInit</name>
         <value>0xeb34</value>
         <object_component_ref idref="oc-3c"/>
      </symbol>
      <symbol id="sm-d14">
         <name>vimEnableInterrupt</name>
         <value>0xecac</value>
         <object_component_ref idref="oc-3c"/>
      </symbol>
      <symbol id="sm-d15">
         <name>vimDisableInterrupt</name>
         <value>0xee04</value>
         <object_component_ref idref="oc-3c"/>
      </symbol>
      <symbol id="sm-d16">
         <name>vimGetConfigValue</name>
         <value>0xee88</value>
         <object_component_ref idref="oc-3c"/>
      </symbol>
      <symbol id="sm-d17">
         <name>vimParityErrorHandler</name>
         <value>0x136c4</value>
         <object_component_ref idref="oc-3b"/>
      </symbol>
      <symbol id="sm-d6b">
         <name>systemGetConfigValue</name>
         <value>0xc6b0</value>
         <object_component_ref idref="oc-7b"/>
      </symbol>
      <symbol id="sm-d6c">
         <name>trimLPO</name>
         <value>0xc3c8</value>
         <object_component_ref idref="oc-7b"/>
      </symbol>
      <symbol id="sm-d6d">
         <name>systemInit</name>
         <value>0xc5b4</value>
         <object_component_ref idref="oc-7b"/>
      </symbol>
      <symbol id="sm-d6e">
         <name>customTrimLPO</name>
         <value>0xcd58</value>
         <object_component_ref idref="oc-7b"/>
      </symbol>
      <symbol id="sm-d6f">
         <name>tcmflashGetConfigValue</name>
         <value>0xca70</value>
         <object_component_ref idref="oc-7b"/>
      </symbol>
      <symbol id="sm-d70">
         <name>sramGetConfigValue</name>
         <value>0xcc1c</value>
         <object_component_ref idref="oc-7b"/>
      </symbol>
      <symbol id="sm-d71">
         <name>periphInit</name>
         <value>0xc47c</value>
         <object_component_ref idref="oc-7b"/>
      </symbol>
      <symbol id="sm-d72">
         <name>setupFlash</name>
         <value>0xc43c</value>
         <object_component_ref idref="oc-7b"/>
      </symbol>
      <symbol id="sm-d73">
         <name>setupPLL</name>
         <value>0xc378</value>
         <object_component_ref idref="oc-7b"/>
      </symbol>
      <symbol id="sm-d74">
         <name>mapClocks</name>
         <value>0xc4d0</value>
         <object_component_ref idref="oc-7b"/>
      </symbol>
      <symbol id="sm-d75">
         <name>systemPowerDown</name>
         <value>0xc680</value>
         <object_component_ref idref="oc-7b"/>
      </symbol>
      <symbol id="sm-db1">
         <name>log</name>
         <value>0x113c0</value>
         <object_component_ref idref="oc-2e6"/>
      </symbol>
      <symbol id="sm-db2">
         <name>logl</name>
         <value>0x113c0</value>
         <object_component_ref idref="oc-2e6"/>
      </symbol>
      <symbol id="sm-e38">
         <name>pow</name>
         <value>0xb524</value>
         <object_component_ref idref="oc-300"/>
      </symbol>
      <symbol id="sm-e39">
         <name>powl</name>
         <value>0xb524</value>
         <object_component_ref idref="oc-300"/>
      </symbol>
      <symbol id="sm-e58">
         <name>sqrtl</name>
         <value>0x13f94</value>
         <object_component_ref idref="oc-481"/>
      </symbol>
      <symbol id="sm-e59">
         <name>sqrt</name>
         <value>0x13f94</value>
         <object_component_ref idref="oc-481"/>
      </symbol>
      <symbol id="sm-e74">
         <name>floorl</name>
         <value>0x14c9c</value>
         <object_component_ref idref="oc-272"/>
      </symbol>
      <symbol id="sm-e75">
         <name>floor</name>
         <value>0x14c9c</value>
         <object_component_ref idref="oc-272"/>
      </symbol>
      <symbol id="sm-e9d">
         <name>scalbn</name>
         <value>0x151a0</value>
         <object_component_ref idref="oc-487"/>
      </symbol>
      <symbol id="sm-e9e">
         <name>scalbnl</name>
         <value>0x151a0</value>
         <object_component_ref idref="oc-487"/>
      </symbol>
      <symbol id="sm-e9f">
         <name>ldexpl</name>
         <value>0x151a0</value>
         <object_component_ref idref="oc-487"/>
      </symbol>
      <symbol id="sm-ea0">
         <name>ldexp</name>
         <value>0x151a0</value>
         <object_component_ref idref="oc-487"/>
      </symbol>
      <symbol id="sm-ec7">
         <name>sprintf</name>
         <value>0x161d8</value>
         <object_component_ref idref="oc-153"/>
      </symbol>
      <symbol id="sm-ed1">
         <name>copysign</name>
         <value>0x1667c</value>
         <object_component_ref idref="oc-58c"/>
      </symbol>
      <symbol id="sm-ed2">
         <name>copysignl</name>
         <value>0x1667c</value>
         <object_component_ref idref="oc-58c"/>
      </symbol>
      <symbol id="sm-ee1">
         <name>__aeabi_memset</name>
         <value>0x15ac0</value>
         <object_component_ref idref="oc-db"/>
      </symbol>
      <symbol id="sm-ee2">
         <name>memset</name>
         <value>0x15acc</value>
         <object_component_ref idref="oc-db"/>
      </symbol>
      <symbol id="sm-ee3">
         <name>__aeabi_memset8</name>
         <value>0x15ac0</value>
         <object_component_ref idref="oc-db"/>
      </symbol>
      <symbol id="sm-ee4">
         <name>__aeabi_memset4</name>
         <value>0x15ac0</value>
         <object_component_ref idref="oc-db"/>
      </symbol>
      <symbol id="sm-ee5">
         <name>__aeabi_memclr8</name>
         <value>0x15abc</value>
         <object_component_ref idref="oc-db"/>
      </symbol>
      <symbol id="sm-ee6">
         <name>__aeabi_memclr4</name>
         <value>0x15abc</value>
         <object_component_ref idref="oc-db"/>
      </symbol>
      <symbol id="sm-ee7">
         <name>__aeabi_memclr</name>
         <value>0x15abc</value>
         <object_component_ref idref="oc-db"/>
      </symbol>
      <symbol id="sm-ef3">
         <name>__aeabi_uidivmod</name>
         <value>0x16348</value>
         <object_component_ref idref="oc-240"/>
      </symbol>
      <symbol id="sm-ef4">
         <name>__aeabi_uidiv</name>
         <value>0x16348</value>
         <object_component_ref idref="oc-240"/>
      </symbol>
      <symbol id="sm-f0b">
         <name>__aeabi_dsub</name>
         <value>0x13d80</value>
         <object_component_ref idref="oc-26d"/>
      </symbol>
      <symbol id="sm-f0c">
         <name>__aeabi_dadd</name>
         <value>0x13d8c</value>
         <object_component_ref idref="oc-26d"/>
      </symbol>
      <symbol id="sm-f2e">
         <name>__aeabi_cdcmpeq</name>
         <value>0x155ac</value>
         <object_component_ref idref="oc-43a"/>
      </symbol>
      <symbol id="sm-f2f">
         <name>__aeabi_cdcmple</name>
         <value>0x155ac</value>
         <object_component_ref idref="oc-43a"/>
      </symbol>
      <symbol id="sm-f30">
         <name>__aeabi_cdrcmple</name>
         <value>0x1568c</value>
         <object_component_ref idref="oc-3ee"/>
      </symbol>
      <symbol id="sm-f44">
         <name>__aeabi_ddiv</name>
         <value>0x14828</value>
         <object_component_ref idref="oc-24a"/>
      </symbol>
      <symbol id="sm-f4f">
         <name>__aeabi_dmul</name>
         <value>0x15078</value>
         <object_component_ref idref="oc-245"/>
      </symbol>
      <symbol id="sm-f59">
         <name>__aeabi_d2iz</name>
         <value>0x1623c</value>
         <object_component_ref idref="oc-306"/>
      </symbol>
      <symbol id="sm-f65">
         <name>__aeabi_d2f</name>
         <value>0x15b6c</value>
         <object_component_ref idref="oc-2ec"/>
      </symbol>
      <symbol id="sm-f6f">
         <name>__aeabi_d2uiz</name>
         <value>0x16298</value>
         <object_component_ref idref="oc-24f"/>
      </symbol>
      <symbol id="sm-f80">
         <name>__aeabi_fadd</name>
         <value>0x14f48</value>
         <object_component_ref idref="oc-2f6"/>
      </symbol>
      <symbol id="sm-f81">
         <name>__aeabi_fsub</name>
         <value>0x14f44</value>
         <object_component_ref idref="oc-2f6"/>
      </symbol>
      <symbol id="sm-f99">
         <name>__aeabi_cfrcmple</name>
         <value>0x15db4</value>
         <object_component_ref idref="oc-15f"/>
      </symbol>
      <symbol id="sm-f9a">
         <name>__aeabi_cfcmpeq</name>
         <value>0x15d2c</value>
         <object_component_ref idref="oc-164"/>
      </symbol>
      <symbol id="sm-f9b">
         <name>__aeabi_cfcmple</name>
         <value>0x15d2c</value>
         <object_component_ref idref="oc-164"/>
      </symbol>
      <symbol id="sm-fa8">
         <name>__aeabi_fdiv</name>
         <value>0x15920</value>
         <object_component_ref idref="oc-2dc"/>
      </symbol>
      <symbol id="sm-fb3">
         <name>__aeabi_f2d</name>
         <value>0x16174</value>
         <object_component_ref idref="oc-2e1"/>
      </symbol>
      <symbol id="sm-fbd">
         <name>__aeabi_f2iz</name>
         <value>0x16398</value>
         <object_component_ref idref="oc-2f1"/>
      </symbol>
      <symbol id="sm-fc7">
         <name>__aeabi_i2d</name>
         <value>0x164c0</value>
         <object_component_ref idref="oc-2fb"/>
      </symbol>
      <symbol id="sm-fd2">
         <name>__aeabi_i2f</name>
         <value>0x163e4</value>
         <object_component_ref idref="oc-2d7"/>
      </symbol>
      <symbol id="sm-feb">
         <name>memcpy</name>
         <value>0x149b8</value>
         <object_component_ref idref="oc-52"/>
      </symbol>
      <symbol id="sm-fec">
         <name>__aeabi_memcpy</name>
         <value>0x149b8</value>
         <object_component_ref idref="oc-52"/>
      </symbol>
      <symbol id="sm-fed">
         <name>__aeabi_memcpy8</name>
         <value>0x149b8</value>
         <object_component_ref idref="oc-52"/>
      </symbol>
      <symbol id="sm-fee">
         <name>__aeabi_memcpy4</name>
         <value>0x149b8</value>
         <object_component_ref idref="oc-52"/>
      </symbol>
      <symbol id="sm-ff8">
         <name>__aeabi_ui2d</name>
         <value>0x164fc</value>
         <object_component_ref idref="oc-254"/>
      </symbol>
      <symbol id="sm-1020">
         <name>__TI_auto_init_nobinit_nopinit</name>
         <value>0x16040</value>
         <object_component_ref idref="oc-ff"/>
      </symbol>
      <symbol id="sm-1033">
         <name>__TI_zero_init</name>
         <value>0x16660</value>
         <object_component_ref idref="oc-64"/>
      </symbol>
      <symbol id="sm-104a">
         <name>__TI_decompress_none</name>
         <value>0x1664c</value>
         <object_component_ref idref="oc-14"/>
      </symbol>
      <symbol id="sm-106d">
         <name>__TI_decompress_lzss</name>
         <value>0x15c9c</value>
         <object_component_ref idref="oc-e"/>
      </symbol>
      <symbol id="sm-1078">
         <name>C$$EXIT</name>
         <value>0x16688</value>
         <object_component_ref idref="oc-191"/>
      </symbol>
      <symbol id="sm-1079">
         <name>abort</name>
         <value>0x16688</value>
         <object_component_ref idref="oc-191"/>
      </symbol>
      <symbol id="sm-1087">
         <name>atof</name>
         <value>0x16690</value>
         <object_component_ref idref="oc-34f"/>
      </symbol>
      <symbol id="sm-1095">
         <name>strcmp</name>
         <value>0x165b4</value>
         <object_component_ref idref="oc-349"/>
      </symbol>
      <symbol id="sm-10a3">
         <name>strcpy</name>
         <value>0x16620</value>
         <object_component_ref idref="oc-343"/>
      </symbol>
      <symbol id="sm-10b1">
         <name>strlen</name>
         <value>0x16600</value>
         <object_component_ref idref="oc-2b6"/>
      </symbol>
      <symbol id="sm-110d">
         <name>strtold</name>
         <value>0x10118</value>
         <object_component_ref idref="oc-4ca"/>
      </symbol>
      <symbol id="sm-110e">
         <name>strtod</name>
         <value>0x10118</value>
         <object_component_ref idref="oc-4ca"/>
      </symbol>
      <symbol id="sm-1125">
         <name>strtok</name>
         <value>0x160a8</value>
         <object_component_ref idref="oc-33d"/>
      </symbol>
      <symbol id="sm-113b">
         <name>__aeabi_errno_addr</name>
         <value>0x16670</value>
         <object_component_ref idref="oc-463"/>
      </symbol>
      <symbol id="sm-113c">
         <name>errno</name>
         <value>0x8003930</value>
         <object_component_ref idref="oc-574"/>
      </symbol>
      <symbol id="sm-128d">
         <name>__TI_printfi</name>
         <value>0xa510</value>
         <object_component_ref idref="oc-2be"/>
      </symbol>
      <symbol id="sm-1297">
         <name>__aeabi_idiv0</name>
         <value>0x1669c</value>
         <object_component_ref idref="oc-3d9"/>
      </symbol>
      <symbol id="sm-1298">
         <name>__aeabi_ldiv0</name>
         <value>0x1669c</value>
         <object_component_ref idref="oc-3d9"/>
      </symbol>
      <symbol id="sm-12b4">
         <name>__aeabi_uldivmod</name>
         <value>0x13194</value>
         <object_component_ref idref="oc-536"/>
      </symbol>
      <symbol id="sm-12c7">
         <name>atoi</name>
         <value>0x15ec0</value>
         <object_component_ref idref="oc-42e"/>
      </symbol>
      <symbol id="sm-12d2">
         <name>_ctypes_</name>
         <value>0x16bc8</value>
         <object_component_ref idref="oc-531"/>
      </symbol>
      <symbol id="sm-12e0">
         <name>ltoa</name>
         <value>0x15f44</value>
         <object_component_ref idref="oc-53d"/>
      </symbol>
      <symbol id="sm-12ef">
         <name>memccpy</name>
         <value>0x16560</value>
         <object_component_ref idref="oc-457"/>
      </symbol>
      <symbol id="sm-12fd">
         <name>strchr</name>
         <value>0x1658c</value>
         <object_component_ref idref="oc-564"/>
      </symbol>
      <symbol id="sm-130e">
         <name>strcspn</name>
         <value>0x1647c</value>
         <object_component_ref idref="oc-4bb"/>
      </symbol>
      <symbol id="sm-131f">
         <name>strspn</name>
         <value>0x16430</value>
         <object_component_ref idref="oc-4b5"/>
      </symbol>
      <symbol id="sm-1337">
         <name>wcslen</name>
         <value>0x165dc</value>
         <object_component_ref idref="oc-45d"/>
      </symbol>
      <symbol id="sm-134a">
         <name>frexpl</name>
         <value>0x15fc4</value>
         <object_component_ref idref="oc-55e"/>
      </symbol>
      <symbol id="sm-134b">
         <name>frexp</name>
         <value>0x15fc4</value>
         <object_component_ref idref="oc-55e"/>
      </symbol>
      <symbol id="sm-1357">
         <name>__aeabi_idivmod</name>
         <value>0x162f4</value>
         <object_component_ref idref="oc-5c2"/>
      </symbol>
      <symbol id="sm-1358">
         <name>__aeabi_idiv</name>
         <value>0x162f4</value>
         <object_component_ref idref="oc-5c2"/>
      </symbol>
      <symbol id="sm-1359">
         <name>__TI_static_base__</name>
         <value>0x0</value>
      </symbol>
      <symbol id="sm-135d">
         <name>SHT$$INIT_ARRAY$$Base</name>
         <value>0x0</value>
      </symbol>
      <symbol id="sm-135e">
         <name>SHT$$INIT_ARRAY$$Limit</name>
         <value>0x0</value>
      </symbol>
      <symbol id="sm-135f">
         <name>_system_post_cinit</name>
         <value>0x0</value>
      </symbol>
   </symbol_table>
   <title>Link successful</title>
</link_info>
